Archive member included to satisfy reference by file (symbol)

c:/program files (x86)/gnu arm embedded toolchain/10 2020-q4-major/bin/../lib/gcc/arm-none-eabi/10.2.1/../../../../arm-none-eabi/lib/thumb/v7e-m+fp/hard\libc.a(lib_a-atoi.o)
                              build\packages\at24cxx-latest\renode\at24cxx.o (atoi)
c:/program files (x86)/gnu arm embedded toolchain/10 2020-q4-major/bin/../lib/gcc/arm-none-eabi/10.2.1/../../../../arm-none-eabi/lib/thumb/v7e-m+fp/hard\libc.a(lib_a-ctype_.o)
                              build\kernel\components\net\at\at_socket\at_socket.o (_ctype_)
c:/program files (x86)/gnu arm embedded toolchain/10 2020-q4-major/bin/../lib/gcc/arm-none-eabi/10.2.1/../../../../arm-none-eabi/lib/thumb/v7e-m+fp/hard\libc.a(lib_a-fclose.o)
                              build\kernel\components\libc\compilers\newlib\stdio.o (fclose)
c:/program files (x86)/gnu arm embedded toolchain/10 2020-q4-major/bin/../lib/gcc/arm-none-eabi/10.2.1/../../../../arm-none-eabi/lib/thumb/v7e-m+fp/hard\libc.a(lib_a-fflush.o)
                              c:/program files (x86)/gnu arm embedded toolchain/10 2020-q4-major/bin/../lib/gcc/arm-none-eabi/10.2.1/../../../../arm-none-eabi/lib/thumb/v7e-m+fp/hard\libc.a(lib_a-fclose.o) (__sflush_r)
c:/program files (x86)/gnu arm embedded toolchain/10 2020-q4-major/bin/../lib/gcc/arm-none-eabi/10.2.1/../../../../arm-none-eabi/lib/thumb/v7e-m+fp/hard\libc.a(lib_a-fileno.o)
                              build\kernel\components\libc\compilers\newlib\stdio.o (fileno)
c:/program files (x86)/gnu arm embedded toolchain/10 2020-q4-major/bin/../lib/gcc/arm-none-eabi/10.2.1/../../../../arm-none-eabi/lib/thumb/v7e-m+fp/hard\libc.a(lib_a-findfp.o)
                              c:/program files (x86)/gnu arm embedded toolchain/10 2020-q4-major/bin/../lib/gcc/arm-none-eabi/10.2.1/../../../../arm-none-eabi/lib/thumb/v7e-m+fp/hard\libc.a(lib_a-fclose.o) (__sinit)
c:/program files (x86)/gnu arm embedded toolchain/10 2020-q4-major/bin/../lib/gcc/arm-none-eabi/10.2.1/../../../../arm-none-eabi/lib/thumb/v7e-m+fp/hard\libc.a(lib_a-fopen.o)
                              build\kernel\components\libc\compilers\newlib\stdio.o (fopen)
c:/program files (x86)/gnu arm embedded toolchain/10 2020-q4-major/bin/../lib/gcc/arm-none-eabi/10.2.1/../../../../arm-none-eabi/lib/thumb/v7e-m+fp/hard\libc.a(lib_a-fseek.o)
                              c:/program files (x86)/gnu arm embedded toolchain/10 2020-q4-major/bin/../lib/gcc/arm-none-eabi/10.2.1/../../../../arm-none-eabi/lib/thumb/v7e-m+fp/hard\libc.a(lib_a-fopen.o) (_fseek_r)
c:/program files (x86)/gnu arm embedded toolchain/10 2020-q4-major/bin/../lib/gcc/arm-none-eabi/10.2.1/../../../../arm-none-eabi/lib/thumb/v7e-m+fp/hard\libc.a(lib_a-fseeko.o)
                              c:/program files (x86)/gnu arm embedded toolchain/10 2020-q4-major/bin/../lib/gcc/arm-none-eabi/10.2.1/../../../../arm-none-eabi/lib/thumb/v7e-m+fp/hard\libc.a(lib_a-fseek.o) (_fseeko_r)
c:/program files (x86)/gnu arm embedded toolchain/10 2020-q4-major/bin/../lib/gcc/arm-none-eabi/10.2.1/../../../../arm-none-eabi/lib/thumb/v7e-m+fp/hard\libc.a(lib_a-ftello.o)
                              c:/program files (x86)/gnu arm embedded toolchain/10 2020-q4-major/bin/../lib/gcc/arm-none-eabi/10.2.1/../../../../arm-none-eabi/lib/thumb/v7e-m+fp/hard\libc.a(lib_a-fseeko.o) (_ftello_r)
c:/program files (x86)/gnu arm embedded toolchain/10 2020-q4-major/bin/../lib/gcc/arm-none-eabi/10.2.1/../../../../arm-none-eabi/lib/thumb/v7e-m+fp/hard\libc.a(lib_a-fwalk.o)
                              c:/program files (x86)/gnu arm embedded toolchain/10 2020-q4-major/bin/../lib/gcc/arm-none-eabi/10.2.1/../../../../arm-none-eabi/lib/thumb/v7e-m+fp/hard\libc.a(lib_a-findfp.o) (_fwalk)
c:/program files (x86)/gnu arm embedded toolchain/10 2020-q4-major/bin/../lib/gcc/arm-none-eabi/10.2.1/../../../../arm-none-eabi/lib/thumb/v7e-m+fp/hard\libc.a(lib_a-getchar.o)
                              build\kernel\components\finsh\shell.o (getchar)
c:/program files (x86)/gnu arm embedded toolchain/10 2020-q4-major/bin/../lib/gcc/arm-none-eabi/10.2.1/../../../../arm-none-eabi/lib/thumb/v7e-m+fp/hard\libc.a(lib_a-impure.o)
                              build\kernel\components\libc\compilers\newlib\stdio.o (_global_impure_ptr)
c:/program files (x86)/gnu arm embedded toolchain/10 2020-q4-major/bin/../lib/gcc/arm-none-eabi/10.2.1/../../../../arm-none-eabi/lib/thumb/v7e-m+fp/hard\libc.a(lib_a-lock.o)
                              c:/program files (x86)/gnu arm embedded toolchain/10 2020-q4-major/bin/../lib/gcc/arm-none-eabi/10.2.1/../../../../arm-none-eabi/lib/thumb/v7e-m+fp/hard\libc.a(lib_a-findfp.o) (__retarget_lock_init_recursive)
c:/program files (x86)/gnu arm embedded toolchain/10 2020-q4-major/bin/../lib/gcc/arm-none-eabi/10.2.1/../../../../arm-none-eabi/lib/thumb/v7e-m+fp/hard\libc.a(lib_a-makebuf.o)
[...]
Memory Configuration

Name             Origin             Length             Attributes
FLASH            0x00000000         0x00080000         xr
OTP              0x03000c00         0x000003fc         xr
RAM              0x1fff8000         0x0002f000         xrw
RAMB             0x200f0000         0x00001000         xrw
*default*        0x00000000         0xffffffff

Linker script and memory map

LOAD c:/program files (x86)/gnu arm embedded toolchain/10 2020-q4-major/bin/../lib/gcc/arm-none-eabi/10.2.1/thumb/v7e-m+fp/hard\libgcc.a
LOAD build\board\board.o
LOAD build\common\system_hc32f460petb.o
LOAD build\drivers\drv_gpio.o
LOAD build\drivers\drv_soft_i2c.o
LOAD build\drivers\tm1650.o
LOAD build\drivers\drv_irq.o
LOAD build\drivers\drv_usart.o
LOAD build\drivers\drv_renode_timer.o
LOAD build\drivers\board_config.o
LOAD build\DSP\Source\BasicMathFunctions\BasicMathFunctions.o
LOAD build\DSP\Source\StatisticsFunctions\StatisticsFunctions.o
LOAD build\DSP\Source\ComplexMathFunctions\ComplexMathFunctions.o
LOAD build\DSP\Source\SupportFunctions\SupportFunctions.o
LOAD build\DSP\Source\CommonTables\CommonTables.o
LOAD build\DSP\Source\TransformFunctions\TransformFunctions.o
LOAD build\DSP\Source\FastMathFunctions\FastMathFunctions.o
LOAD build\example\GCC\startup_hc32f460petb.o
LOAD build\packages\at24cxx-latest\renode\at24cxx.o
LOAD build\packages\at_device-v2.0.4\class\ec200x\at_device_ec200x.o
LOAD build\packages\at_device-v2.0.4\class\ec200x\at_socket_ec200x.o
LOAD build\packages\at_device-v2.0.4\samples\at_sample_ec200x.o
LOAD build\packages\at_device-v2.0.4\src\at_device.o
LOAD build\packages\rt_kprintf_threadsafe-latest\rt_kprintf.o
LOAD build\source\mqtt\eng\infra\infra_sha256.o
LOAD build\source\mqtt\eng\infra\infra_report.o
LOAD build\source\mqtt\eng\wrappers\4g\wrapper.o
LOAD build\source\mqtt\eng\dev_model\dm_msg_process.o
LOAD build\source\mqtt\eng\atm\at_api.o
LOAD build\source\mqtt\eng\infra\infra_compat.o
LOAD build\source\mqtt\eng\dev_model\dm_ota.o
LOAD build\source\mqtt\eng\dev_model\impl_solo.o
LOAD build\source\mqtt\eng\dev_model\dm_manager.o
LOAD build\source\mqtt\eng\dev_model\dm_api.o
LOAD build\source\mqtt\eng\dev_model\dm_client.o
LOAD build\source\mqtt\eng\infra\infra_cjson.o
LOAD build\source\mqtt\eng\infra\infra_log.o
LOAD build\source\mqtt\eng\dev_model\dm_log_report.o
LOAD build\source\mqtt\eng\dev_sign\dev_sign_mqtt.o
LOAD build\source\mqtt\eng\dev_model\iotx_cm_coap.o
LOAD build\source\mqtt\eng\dev_model\impl_gateway.o
LOAD build\source\mqtt\eng\infra\infra_prt_nwk_payload.o
LOAD build\source\mqtt\eng\dev_model\dm_ipc.o
LOAD build\source\mqtt\eng\atm\at_mqtt.o
LOAD build\source\mqtt\eng\dev_model\dm_cota.o
LOAD build\source\mqtt\eng\dev_model\iotx_cm.o
LOAD build\source\mqtt\eng\dev_model\dm_message.o
LOAD build\source\mqtt\eng\dev_model\dm_fota.o
LOAD build\source\mqtt\eng\dev_model\dm_utils.o
LOAD build\source\mqtt\eng\dev_model\iotx_cm_mqtt.o
LOAD build\source\mqtt\eng\dev_model\dm_server_adapter.o
LOAD build\source\mqtt\eng\dev_model\dm_client_adapter.o
LOAD build\source\mqtt\eng\infra\infra_defs.o
LOAD build\source\mqtt\eng\dev_model\dm_message_cache.o
LOAD build\source\mqtt\eng\infra\infra_timer.o
LOAD build\source\mqtt\eng\certs\root_ca.o
LOAD build\source\mqtt\eng\dev_model\dm_server.o
LOAD build\source\mqtt\eng\dev_model\dm_shadow.o
LOAD build\source\mqtt\eng\dev_model\impl_ntp.o
LOAD build\source\mqtt\eng\dev_model\dm_opt.o
LOAD build\source\mqtt\eng\infra\infra_string.o
LOAD build\source\mqtt\eng\dev_model\impl_linkkit.o
LOAD build\source\mqtt\eng\mqtt\mqtt_api.o
LOAD build\source\mqtt\eng\dev_model\dm_tsl_alink.o
LOAD build\source\myapp\app_net.o
LOAD build\source\myapp\adc_s.o
LOAD build\source\myapp\mqtt_example.o
LOAD build\source\myapp\TM1629keyled.o
LOAD build\source\myapp\datasetting_s.o
LOAD build\source\myapp\tm1650.o
LOAD build\source\myapp\main.o
LOAD build\StdDDL\src\hc32f460_utility.o
LOAD build\StdDDL\src\hc32f460_sram.o
LOAD build\StdDDL\src\hc32f460_pwc.o
LOAD build\StdDDL\src\hc32f460_interrupts.o
LOAD build\StdDDL\src\hc32f460_clk.o
LOAD build\StdDDL\src\hc32f460_icg.o
LOAD build\StdDDL\src\hc32f460_dmac.o
LOAD build\StdDDL\src\hc32f460_i2c.o
LOAD build\StdDDL\src\hc32f460_exint_nmi_swi.o
LOAD build\StdDDL\src\hc32f460_timer0.o
LOAD build\StdDDL\src\hc32f460_usart.o
LOAD build\StdDDL\src\hc32f460_efm.o
LOAD build\StdDDL\src\hc32f460_adc.o
LOAD build\StdDDL\src\hc32f460_gpio.o
LOAD build\kernel\src\idle.o
LOAD build\kernel\src\kservice.o
LOAD build\kernel\src\timer.o
LOAD build\kernel\src\scheduler.o
LOAD build\kernel\src\thread.o
LOAD build\kernel\src\ipc.o
LOAD build\kernel\src\components.o
LOAD build\kernel\src\mem.o
LOAD build\kernel\src\mempool.o
LOAD build\kernel\src\irq.o
LOAD build\kernel\src\object.o
LOAD build\kernel\src\device.o
LOAD build\kernel\src\clock.o
LOAD build\kernel\libcpu\arm\common\div0.o
LOAD build\kernel\libcpu\arm\common\backtrace.o
LOAD build\kernel\libcpu\arm\common\showmem.o
LOAD build\kernel\libcpu\arm\cortex-m4\cpuport.o
LOAD build\kernel\libcpu\arm\cortex-m4\context_gcc.o
LOAD build\kernel\components\cplusplus\cxx_Semaphore.o
LOAD build\kernel\components\cplusplus\cxx_Thread.o
LOAD build\kernel\components\cplusplus\cxx_Mutex.o
LOAD build\kernel\components\cplusplus\crt_init.o
LOAD build\kernel\components\cplusplus\cxx_crt.o
LOAD build\kernel\components\dfs\src\dfs_posix.o
LOAD build\kernel\components\dfs\src\dfs_file.o
LOAD build\kernel\components\dfs\src\select.o
LOAD build\kernel\components\dfs\src\dfs.o
LOAD build\kernel\components\dfs\src\poll.o
LOAD build\kernel\components\dfs\src\dfs_fs.o
LOAD build\kernel\components\dfs\filesystems\devfs\devfs.o
LOAD build\kernel\components\drivers\i2c\i2c_core.o
LOAD build\kernel\components\drivers\i2c\i2c_dev.o
LOAD build\kernel\components\drivers\i2c\i2c-bit-ops.o
LOAD build\kernel\components\drivers\misc\pin.o
LOAD build\kernel\components\drivers\rtc\rtc.o
LOAD build\kernel\components\drivers\serial\serial.o
LOAD build\kernel\components\drivers\src\ringbuffer.o
LOAD build\kernel\components\drivers\src\pipe.o
LOAD build\kernel\components\drivers\src\waitqueue.o
LOAD build\kernel\components\drivers\src\dataqueue.o
LOAD build\kernel\components\drivers\src\workqueue.o
LOAD build\kernel\components\drivers\src\completion.o
LOAD build\kernel\components\drivers\src\ringblk_buf.o
LOAD build\kernel\components\finsh\finsh_node.o
LOAD build\kernel\components\finsh\finsh_parser.o
LOAD build\kernel\components\finsh\cmd.o
LOAD build\kernel\components\finsh\finsh_vm.o
LOAD build\kernel\components\finsh\msh_file.o
LOAD build\kernel\components\finsh\shell.o
LOAD build\kernel\components\finsh\finsh_var.o
LOAD build\kernel\components\finsh\finsh_compiler.o
LOAD build\kernel\components\finsh\finsh_heap.o
LOAD build\kernel\components\finsh\finsh_ops.o
LOAD build\kernel\components\finsh\finsh_error.o
LOAD build\kernel\components\finsh\finsh_token.o
LOAD build\kernel\components\finsh\finsh_init.o
LOAD build\kernel\components\finsh\msh.o
LOAD build\kernel\components\libc\compilers\common\stdlib.o
LOAD build\kernel\components\libc\compilers\common\unistd.o
LOAD build\kernel\components\libc\compilers\common\time.o
LOAD build\kernel\components\libc\compilers\common\delay.o
LOAD build\kernel\components\libc\compilers\newlib\syscalls.o
LOAD build\kernel\components\libc\compilers\newlib\stdio.o
LOAD build\kernel\components\libc\compilers\newlib\libc.o
LOAD build\kernel\components\net\at\at_socket\at_socket.o
LOAD build\kernel\components\net\at\src\at_utils.o
LOAD build\kernel\components\net\at\src\at_client.o
LOAD build\kernel\components\net\at\src\at_cli.o
LOAD build\kernel\components\net\netdev\src\netdev_ipaddr.o
LOAD build\kernel\components\net\netdev\src\netdev.o
LOAD build\kernel\components\net\sal_socket\dfs_net\dfs_net.o
LOAD build\kernel\components\net\sal_socket\impl\af_inet_at.o
LOAD build\kernel\components\net\sal_socket\socket\net_sockets.o
LOAD build\kernel\components\net\sal_socket\src\sal_socket.o
LOAD build\kernel\components\net\sal_socket\socket\net_netdb.o
LOAD c:/program files (x86)/gnu arm embedded toolchain/10 2020-q4-major/bin/../lib/gcc/arm-none-eabi/10.2.1/../../../../arm-none-eabi/lib/thumb/v7e-m+fp/hard\libc.a
LOAD c:/program files (x86)/gnu arm embedded toolchain/10 2020-q4-major/bin/../lib/gcc/arm-none-eabi/10.2.1/../../../../arm-none-eabi/lib/thumb/v7e-m+fp/hard\libm.a
LOAD c:/program files (x86)/gnu arm embedded toolchain/10 2020-q4-major/bin/../lib/gcc/arm-none-eabi/10.2.1/../../../../arm-none-eabi/lib/thumb/v7e-m+fp/hard\libstdc++.a
LOAD c:/program files (x86)/gnu arm embedded toolchain/10 2020-q4-major/bin/../lib/gcc/arm-none-eabi/10.2.1/../../../../arm-none-eabi/lib/thumb/v7e-m+fp/hard\libm.a
LOAD c:/program files (x86)/gnu arm embedded toolchain/10 2020-q4-major/bin/../lib/gcc/arm-none-eabi/10.2.1/../../../../arm-none-eabi/lib/thumb/v7e-m+fp/hard\libc.a
START GROUP
LOAD c:/program files (x86)/gnu arm embedded toolchain/10 2020-q4-major/bin/../lib/gcc/arm-none-eabi/10.2.1/thumb/v7e-m+fp/hard\libgcc.a
LOAD c:/program files (x86)/gnu arm embedded toolchain/10 2020-q4-major/bin/../lib/gcc/arm-none-eabi/10.2.1/../../../../arm-none-eabi/lib/thumb/v7e-m+fp/hard\libc.a
END GROUP

.text           0x00000000    0x3df70
 *(.vectors)
 .vectors       0x00000000      0x3c0 build\example\GCC\startup_hc32f460petb.o
                0x00000000                __Vectors
                0x000003c0                __Vectors_End
                0x00000400                . = 0x400
 *fill*         0x000003c0       0x40 
 *(.icg_sec)
 .icg_sec       0x00000400       0x20 build\StdDDL\src\hc32f460_icg.o
                0x00000400                u32ICG
                0x00000420                . = ALIGN (0x4)
 *(.text)
 .text          0x00000420      0x13c build\kernel\libcpu\arm\cortex-m4\context_gcc.o
                0x00000420                rt_hw_interrupt_disable
                0x00000428                rt_hw_interrupt_enable
                0x0000042e                rt_hw_context_switch_interrupt
                0x0000042e                rt_hw_context_switch
                0x0000044e                PendSV_Handler
                0x000004ba                rt_hw_context_switch_to
                0x00000500                rt_hw_interrupt_thread_switch
                0x00000504                HardFault_Handler
 .text          0x0000055c      0x134 c:/program files (x86)/gnu arm embedded toolchain/10 2020-q4-major/bin/../lib/gcc/arm-none-eabi/10.2.1/../../../../arm-none-eabi/lib/thumb/v7e-m+fp/hard\libc.a(lib_a-memcpy.o)
                0x0000055c                memcpy
 *fill*         0x00000690       0x10 
 .text          0x000006a0      0x2dc c:/program files (x86)/gnu arm embedded toolchain/10 2020-q4-major/bin/../lib/gcc/arm-none-eabi/10.2.1/../../../../arm-none-eabi/lib/thumb/v7e-m+fp/hard\libc.a(lib_a-strcmp.o)
                0x000006a8                strcmp
 *fill*         0x0000097c        0x4 
 .text          0x00000980       0xdc c:/program files (x86)/gnu arm embedded toolchain/10 2020-q4-major/bin/../lib/gcc/arm-none-eabi/10.2.1/../../../../arm-none-eabi/lib/thumb/v7e-m+fp/hard\libc.a(lib_a-strlen.o)
                0x00000980                strlen
 *fill*         0x00000a5c        0x4 
 .text          0x00000a60       0xa0 c:/program files (x86)/gnu arm embedded toolchain/10 2020-q4-major/bin/../lib/gcc/arm-none-eabi/10.2.1/../../../../arm-none-eabi/lib/thumb/v7e-m+fp/hard\libc.a(lib_a-memchr.o)
                0x00000a60                memchr
 .text          0x00000b00      0x378 c:/program files (x86)/gnu arm embedded toolchain/10 2020-q4-major/bin/../lib/gcc/arm-none-eabi/10.2.1/thumb/v7e-m+fp/hard\libgcc.a(_arm_addsubdf3.o)
                0x00000b00                __aeabi_drsub
                0x00000b08                __aeabi_dsub
                0x00000b08                __subdf3
                0x00000b0c                __aeabi_dadd
                0x00000b0c                __adddf3
                0x00000d84                __floatunsidf
                0x00000d84                __aeabi_ui2d
                0x00000da4                __floatsidf
                0x00000da4                __aeabi_i2d
                0x00000dc8                __aeabi_f2d
                0x00000dc8                __extendsfdf2
                0x00000e0c                __floatundidf
                0x00000e0c                __aeabi_ul2d
                0x00000e1c                __floatdidf
                0x00000e1c                __aeabi_l2d
 .text          0x00000e78      0x424 c:/program files (x86)/gnu arm embedded toolchain/10 2020-q4-major/bin/../lib/gcc/arm-none-eabi/10.2.1/thumb/v7e-m+fp/hard\libgcc.a(_arm_muldivdf3.o)
                0x00000e78                __aeabi_dmul
                0x00000e78                __muldf3
                0x000010cc                __divdf3
                0x000010cc                __aeabi_ddiv
 .text          0x0000129c      0x110 c:/program files (x86)/gnu arm embedded toolchain/10 2020-q4-major/bin/../lib/gcc/arm-none-eabi/10.2.1/thumb/v7e-m+fp/hard\libgcc.a(_arm_cmpdf2.o)
                0x0000129c                __gtdf2
                0x0000129c                __gedf2
                0x000012a4                __ltdf2
                0x000012a4                __ledf2
                0x000012ac                __nedf2
                0x000012ac                __eqdf2
                0x000012ac                __cmpdf2
                0x00001328                __aeabi_cdrcmple
                0x00001338                __aeabi_cdcmpeq
                0x00001338                __aeabi_cdcmple
                0x00001348                __aeabi_dcmpeq
                0x0000135c                __aeabi_dcmplt
                0x00001370                __aeabi_dcmple
                0x00001384                __aeabi_dcmpge
                0x00001398                __aeabi_dcmpgt
 .text          0x000013ac       0x2c c:/program files (x86)/gnu arm embedded toolchain/10 2020-q4-major/bin/../lib/gcc/arm-none-eabi/10.2.1/thumb/v7e-m+fp/hard\libgcc.a(_arm_unorddf2.o)
                0x000013ac                __unorddf2
                0x000013ac                __aeabi_dcmpun
 .text          0x000013d8       0x50 c:/program files (x86)/gnu arm embedded toolchain/10 2020-q4-major/bin/../lib/gcc/arm-none-eabi/10.2.1/thumb/v7e-m+fp/hard\libgcc.a(_arm_fixdfsi.o)
                0x000013d8                __aeabi_d2iz
                0x000013d8                __fixdfsi
 .text          0x00001428       0x40 c:/program files (x86)/gnu arm embedded toolchain/10 2020-q4-major/bin/../lib/gcc/arm-none-eabi/10.2.1/thumb/v7e-m+fp/hard\libgcc.a(_arm_fixunsdfsi.o)
                0x00001428                __aeabi_d2uiz
                0x00001428                __fixunsdfsi
 .text          0x00001468       0xa0 c:/program files (x86)/gnu arm embedded toolchain/10 2020-q4-major/bin/../lib/gcc/arm-none-eabi/10.2.1/thumb/v7e-m+fp/hard\libgcc.a(_arm_truncdfsf2.o)
                0x00001468                __truncdfsf2
                0x00001468                __aeabi_d2f
 .text          0x00001508       0xa0 c:/program files (x86)/gnu arm embedded toolchain/10 2020-q4-major/bin/../lib/gcc/arm-none-eabi/10.2.1/thumb/v7e-m+fp/hard\libgcc.a(_aeabi_ldivmod.o)
                0x00001508                __aeabi_ldivmod
 .text          0x000015a8       0x30 c:/program files (x86)/gnu arm embedded toolchain/10 2020-q4-major/bin/../lib/gcc/arm-none-eabi/10.2.1/thumb/v7e-m+fp/hard\libgcc.a(_aeabi_uldivmod.o)
                0x000015a8                __aeabi_uldivmod
 .text          0x000015d8       0x30 c:/program files (x86)/gnu arm embedded toolchain/10 2020-q4-major/bin/../lib/gcc/arm-none-eabi/10.2.1/thumb/v7e-m+fp/hard\libgcc.a(_fixdfdi.o)
                0x000015d8                __fixdfdi
                0x000015d8                __aeabi_d2lz
 .text          0x00001608       0x3c c:/program files (x86)/gnu arm embedded toolchain/10 2020-q4-major/bin/../lib/gcc/arm-none-eabi/10.2.1/thumb/v7e-m+fp/hard\libgcc.a(_fixunsdfdi.o)
                0x00001608                __fixunsdfdi
                0x00001608                __aeabi_d2ulz
 .text          0x00001644      0x2d0 c:/program files (x86)/gnu arm embedded toolchain/10 2020-q4-major/bin/../lib/gcc/arm-none-eabi/10.2.1/thumb/v7e-m+fp/hard\libgcc.a(_udivmoddi4.o)
                0x00001644                __udivmoddi4
 .text          0x00001914        0x4 c:/program files (x86)/gnu arm embedded toolchain/10 2020-q4-major/bin/../lib/gcc/arm-none-eabi/10.2.1/thumb/v7e-m+fp/hard\libgcc.a(_dvmd_tls.o)
                0x00001914                __aeabi_idiv0
                0x00001914                __aeabi_ldiv0
 *(.text*)
 .text.BSP_CLK_Init
                0x00001918       0xf8 build\board\board.o
                0x00001918                BSP_CLK_Init
 .text.rt_hw_board_clock_init
                0x00001a10       0x12 build\board\board.o
                0x00001a10                rt_hw_board_clock_init
 .text.SysTick_Handler
                0x00001a22       0x14 build\board\board.o
                0x00001a22                SysTick_Handler
 *fill*         0x00001a36        0x2 
 .text.rt_hw_board_init
                0x00001a38       0xdc build\board\board.o
                0x00001a38                rt_hw_board_init
 .text.rt_hw_us_delay
                0x00001b14       0x6c build\board\board.o
                0x00001b14                rt_hw_us_delay
 .text.SystemInit
                0x00001b80        0xc build\common\system_hc32f460petb.o
                0x00001b80                SystemInit
 .text.SystemCoreClockUpdate
                0x00001b8c      0x11c build\common\system_hc32f460petb.o
                0x00001b8c                SystemCoreClockUpdate
 .text.__NVIC_EnableIRQ
                0x00001ca8       0x3c build\drivers\drv_gpio.o
 .text.__NVIC_DisableIRQ
                0x00001ce4       0x48 build\drivers\drv_gpio.o
 .text.pin_irq_handler
                0x00001d2c       0x8c build\drivers\drv_gpio.o
 .text.exint0_irq_handler
                0x00001db8       0x20 build\drivers\drv_gpio.o
 .text.exint1_irq_handler
                0x00001dd8       0x20 build\drivers\drv_gpio.o
 .text.exint2_irq_handler
                0x00001df8       0x20 build\drivers\drv_gpio.o
 .text.exint3_irq_handler
                0x00001e18       0x20 build\drivers\drv_gpio.o
 .text.exint4_irq_handler
                0x00001e38       0x20 build\drivers\drv_gpio.o
 .text.exint5_irq_handler
                0x00001e58       0x20 build\drivers\drv_gpio.o
 .text.exint6_irq_handler
                0x00001e78       0x20 build\drivers\drv_gpio.o
 .text.exint7_irq_handler
                0x00001e98       0x20 build\drivers\drv_gpio.o
 .text.exint8_irq_handler
                0x00001eb8       0x20 build\drivers\drv_gpio.o
 .text.exint9_irq_handler
                0x00001ed8       0x20 build\drivers\drv_gpio.o
 .text.exint10_irq_handler
                0x00001ef8       0x20 build\drivers\drv_gpio.o
 .text.exint11_irq_handler
                0x00001f18       0x20 build\drivers\drv_gpio.o
 .text.exint12_irq_handler
                0x00001f38       0x20 build\drivers\drv_gpio.o
 .text.exint13_irq_handler
                0x00001f58       0x20 build\drivers\drv_gpio.o
 .text.exint14_irq_handler
                0x00001f78       0x20 build\drivers\drv_gpio.o
 .text.exint15_irq_handler
                0x00001f98       0x20 build\drivers\drv_gpio.o
 .text.hc32_pin_write
                0x00001fb8       0x6e build\drivers\drv_gpio.o
 .text.hc32_pin_read
                0x00002026       0x6e build\drivers\drv_gpio.o
 .text.hc32_pin_mode
                0x00002094       0xe0 build\drivers\drv_gpio.o
 .text.gpio_irq_config
                0x00002174       0x5c build\drivers\drv_gpio.o
 .text.hc32_pin_attach_irq
                0x000021d0      0x14c build\drivers\drv_gpio.o
 .text.hc32_pin_detach_irq
                0x0000231c       0xd4 build\drivers\drv_gpio.o
 .text.hc32_pin_irq_enable
                0x000023f0      0x190 build\drivers\drv_gpio.o
 .text.rt_hw_pin_init
                0x00002580       0x1c build\drivers\drv_gpio.o
                0x00002580                rt_hw_pin_init
 .text.hc32_i2c_gpio_init
                0x0000259c       0x46 build\drivers\drv_soft_i2c.o
 .text.hc32_set_sda
                0x000025e2       0x36 build\drivers\drv_soft_i2c.o
 .text.hc32_set_scl
                0x00002618       0x36 build\drivers\drv_soft_i2c.o
 .text.hc32_get_sda
                0x0000264e       0x20 build\drivers\drv_soft_i2c.o
 .text.hc32_get_scl
                0x0000266e       0x20 build\drivers\drv_soft_i2c.o
 .text.hc32_udelay
                0x0000268e       0x16 build\drivers\drv_soft_i2c.o
 .text.hc32_i2c_bus_unlock
                0x000026a4       0x5e build\drivers\drv_soft_i2c.o
 *fill*         0x00002702        0x2 
 .text.hc32_hw_i2c_init
                0x00002704       0xec build\drivers\drv_soft_i2c.o
                0x00002704                hc32_hw_i2c_init
 .text.__NVIC_EnableIRQ
                0x000027f0       0x3c build\drivers\drv_irq.o
 .text.__NVIC_DisableIRQ
                0x0000282c       0x48 build\drivers\drv_irq.o
 .text.__NVIC_ClearPendingIRQ
                0x00002874       0x3c build\drivers\drv_irq.o
 .text.__NVIC_SetPriority
                0x000028b0       0x54 build\drivers\drv_irq.o
 .text.hc32_install_irq_handler
                0x00002904       0xb4 build\drivers\drv_irq.o
                0x00002904                hc32_install_irq_handler
 .text.__NVIC_DisableIRQ
                0x000029b8       0x48 build\drivers\drv_usart.o
 .text.hc32_get_uart_index
                0x00002a00       0x68 build\drivers\drv_usart.o
 .text.hc32_configure
                0x00002a68      0x1ec build\drivers\drv_usart.o
 .text.hc32_control
                0x00002c54      0x1c0 build\drivers\drv_usart.o
 .text.hc32_putc
                0x00002e14       0x94 build\drivers\drv_usart.o
 .text.hc32_getc
                0x00002ea8       0x80 build\drivers\drv_usart.o
 .text.hc32_dma_transmit
                0x00002f28       0xf0 build\drivers\drv_usart.o
 .text.hc32_uart_rx_irq_handler
                0x00003018       0x34 build\drivers\drv_usart.o
 .text.hc32_uart_tx_irq_handler
                0x0000304c       0x40 build\drivers\drv_usart.o
 .text.hc32_uart_rxerr_irq_handler
                0x0000308c       0xe0 build\drivers\drv_usart.o
 .text.hc32_uart_rx_timeout
                0x0000316c      0x198 build\drivers\drv_usart.o
 .text.hc32_dma_config
                0x00003304      0x370 build\drivers\drv_usart.o
 .text.hc32_uart_tc_irq_handler
                0x00003674       0x5c build\drivers\drv_usart.o
 .text.hc32_uart_dma_rx_irq_handler
                0x000036d0       0x90 build\drivers\drv_usart.o
 .text.hc32_uart_rxto_irq_handler
                0x00003760       0xaa build\drivers\drv_usart.o
 *fill*         0x0000380a        0x2 
 .text.hc32_uart1_rx_irq_handler
                0x0000380c       0x1c build\drivers\drv_usart.o
 .text.hc32_uart1_tx_irq_handler
                0x00003828       0x1c build\drivers\drv_usart.o
 .text.hc32_uart1_rxerr_irq_handler
                0x00003844       0x1c build\drivers\drv_usart.o
 .text.hc32_uart1_tc_irq_handler
                0x00003860       0x1c build\drivers\drv_usart.o
 .text.hc32_uart1_rxto_irq_handler
                0x0000387c       0x1c build\drivers\drv_usart.o
 .text.hc32_uart1_dma_rx_irq_handler
                0x00003898       0x1c build\drivers\drv_usart.o
 .text.hc32_uart2_rx_irq_handler
                0x000038b4       0x1c build\drivers\drv_usart.o
 .text.hc32_uart2_tx_irq_handler
                0x000038d0       0x1c build\drivers\drv_usart.o
 .text.hc32_uart2_rxerr_irq_handler
                0x000038ec       0x1c build\drivers\drv_usart.o
 .text.hc32_uart2_tc_irq_handler
                0x00003908       0x1c build\drivers\drv_usart.o
 .text.hc32_uart2_rxto_irq_handler
                0x00003924       0x1c build\drivers\drv_usart.o
 .text.hc32_uart2_dma_rx_irq_handler
                0x00003940       0x1c build\drivers\drv_usart.o
 .text.hc32_uart_get_dma_config
                0x0000395c       0xb4 build\drivers\drv_usart.o
 .text.hc32_hw_uart_init
                0x00003a10       0xfc build\drivers\drv_usart.o
                0x00003a10                hc32_hw_uart_init
 .text.rt_ds1302_open
                0x00003b0c       0x1a build\drivers\drv_renode_timer.o
 *fill*         0x00003b26        0x2 
 .text.wd       0x00003b28      0x11c build\drivers\drv_renode_timer.o
 .text.rt_ds1302_read
                0x00003c44       0x1c build\drivers\drv_renode_timer.o
 .text.rt_read_timer
                0x00003c60       0xb0 build\drivers\drv_renode_timer.o
                0x00003c60                rt_read_timer
 .text.rt_ds1302_control
                0x00003d10      0x178 build\drivers\drv_renode_timer.o
 .text.rt_hw_ds1302_init
                0x00003e88       0x58 build\drivers\drv_renode_timer.o
                0x00003e88                rt_hw_ds1302_init
 .text.rt_hw_board_uart_init
                0x00003ee0       0x70 build\drivers\board_config.o
                0x00003ee0                rt_hw_board_uart_init
 .text.arm_dot_prod_q15
                0x00003f50      0x154 build\DSP\Source\BasicMathFunctions\BasicMathFunctions.o
                0x00003f50                arm_dot_prod_q15
 .text.arm_offset_q15
                0x000040a4      0x11e build\DSP\Source\BasicMathFunctions\BasicMathFunctions.o
                0x000040a4                arm_offset_q15
 .text.arm_shift_q15
                0x000041c2      0x258 build\DSP\Source\BasicMathFunctions\BasicMathFunctions.o
                0x000041c2                arm_shift_q15
 .text.arm_sub_q15
                0x0000441a      0x14e build\DSP\Source\BasicMathFunctions\BasicMathFunctions.o
                0x0000441a                arm_sub_q15
 .text.arm_max_q15
                0x00004568      0x10e build\DSP\Source\StatisticsFunctions\StatisticsFunctions.o
                0x00004568                arm_max_q15
 .text.arm_max_q31
                0x00004676       0xfa build\DSP\Source\StatisticsFunctions\StatisticsFunctions.o
                0x00004676                arm_max_q31
 .text.arm_mean_q31
                0x00004770      0x120 build\DSP\Source\StatisticsFunctions\StatisticsFunctions.o
                0x00004770                arm_mean_q31
 .text.arm_min_q15
                0x00004890      0x10e build\DSP\Source\StatisticsFunctions\StatisticsFunctions.o
                0x00004890                arm_min_q15
 .text.arm_cmplx_mag_q15
                0x0000499e      0x196 build\DSP\Source\ComplexMathFunctions\ComplexMathFunctions.o
                0x0000499e                arm_cmplx_mag_q15
 .text.arm_cmplx_mag_q31
                0x00004b34      0x55c build\DSP\Source\ComplexMathFunctions\ComplexMathFunctions.o
                0x00004b34                arm_cmplx_mag_q31
 .text.arm_bitreversal_16
                0x00005090       0xae build\DSP\Source\TransformFunctions\TransformFunctions.o
                0x00005090                arm_bitreversal_16
 .text.arm_cfft_q15
                0x0000513e      0x170 build\DSP\Source\TransformFunctions\TransformFunctions.o
                0x0000513e                arm_cfft_q15
 .text.arm_cfft_radix4by2_q15
                0x000052ae      0x29a build\DSP\Source\TransformFunctions\TransformFunctions.o
                0x000052ae                arm_cfft_radix4by2_q15
 .text.arm_cfft_radix4by2_inverse_q15
                0x00005548      0x29a build\DSP\Source\TransformFunctions\TransformFunctions.o
                0x00005548                arm_cfft_radix4by2_inverse_q15
 .text.arm_radix4_butterfly_q15
                0x000057e2     0x19b4 build\DSP\Source\TransformFunctions\TransformFunctions.o
                0x000057e2                arm_radix4_butterfly_q15
 .text.arm_radix4_butterfly_inverse_q15
                0x00007196     0x19b4 build\DSP\Source\TransformFunctions\TransformFunctions.o
                0x00007196                arm_radix4_butterfly_inverse_q15
 .text.arm_rfft_q15
                0x00008b4a       0x92 build\DSP\Source\TransformFunctions\TransformFunctions.o
                0x00008b4a                arm_rfft_q15
 .text.arm_split_rfft_q15
                0x00008bdc      0x25a build\DSP\Source\TransformFunctions\TransformFunctions.o
                0x00008bdc                arm_split_rfft_q15
 .text.arm_split_rifft_q15
                0x00008e36      0x1ca build\DSP\Source\TransformFunctions\TransformFunctions.o
                0x00008e36                arm_split_rifft_q15
 .text.arm_sqrt_q15
                0x00009000      0x1bc build\DSP\Source\FastMathFunctions\FastMathFunctions.o
                0x00009000                arm_sqrt_q15
 .text.arm_sqrt_q31
                0x000091bc      0x528 build\DSP\Source\FastMathFunctions\FastMathFunctions.o
                0x000091bc                arm_sqrt_q31
 .text.Reset_Handler
                0x000096e4       0xc0 build\example\GCC\startup_hc32f460petb.o
                0x000096e4                Reset_Handler
 .text.Default_Handler
                0x000097a4        0x4 build\example\GCC\startup_hc32f460petb.o
                0x000097a4                IRQ132_Handler
                0x000097a4                IRQ139_Handler
                0x000097a4                IRQ138_Handler
                0x000097a4                IRQ133_Handler
                0x000097a4                IRQ130_Handler
                0x000097a4                IRQ134_Handler
                0x000097a4                IRQ129_Handler
                0x000097a4                IRQ142_Handler
                0x000097a4                IRQ140_Handler
                0x000097a4                IRQ143_Handler
                0x000097a4                IRQ128_Handler
                0x000097a4                IRQ136_Handler
                0x000097a4                IRQ131_Handler
                0x000097a4                IRQ141_Handler
                0x000097a4                IRQ137_Handler
                0x000097a4                IRQ135_Handler
 .text.at24cxx_read_one_byte
                0x000097a8       0x28 build\packages\at24cxx-latest\renode\at24cxx.o
                0x000097a8                at24cxx_read_one_byte
 .text.at24cxx_write_one_byte
                0x000097d0       0x30 build\packages\at24cxx-latest\renode\at24cxx.o
                0x000097d0                at24cxx_write_one_byte
 .text.at24cxx_check
                0x00009800       0x6c build\packages\at24cxx-latest\renode\at24cxx.o
                0x00009800                at24cxx_check
 .text.at24cxx_read
                0x0000986c       0xa8 build\packages\at24cxx-latest\renode\at24cxx.o
                0x0000986c                at24cxx_read
 .text.at24cxx_write
                0x00009914       0xc0 build\packages\at24cxx-latest\renode\at24cxx.o
                0x00009914                at24cxx_write
 .text.at24cxx_init
                0x000099d4       0xdc build\packages\at24cxx-latest\renode\at24cxx.o
                0x000099d4                at24cxx_init
 .text.at24cxx_deinit
                0x00009ab0       0x3c build\packages\at24cxx-latest\renode\at24cxx.o
                0x00009ab0                at24cxx_deinit
 .text.at24cxx  0x00009aec      0x19c build\packages\at24cxx-latest\renode\at24cxx.o
                0x00009aec                at24cxx
 .text.ec200x_power_off
                0x00009c88       0xb4 build\packages\at_device-v2.0.4\class\ec200x\at_device_ec200x.o
 .text.ec200x_sleep
                0x00009d3c       0x78 build\packages\at_device-v2.0.4\class\ec200x\at_device_ec200x.o
 .text.ec200x_wakeup
                0x00009db4       0x70 build\packages\at_device-v2.0.4\class\ec200x\at_device_ec200x.o
 .text.ec200x_netdev_set_up
                0x00009e24       0x90 build\packages\at_device-v2.0.4\class\ec200x\at_device_ec200x.o
 .text.ec200x_netdev_set_down
                0x00009eb4       0x90 build\packages\at_device-v2.0.4\class\ec200x\at_device_ec200x.o
 .text.ec200x_netdev_set_dns_server
                0x00009f44      0x118 build\packages\at_device-v2.0.4\class\ec200x\at_device_ec200x.o
 .text.ec200x_netdev_add
                0x0000a05c       0x84 build\packages\at_device-v2.0.4\class\ec200x\at_device_ec200x.o
 .text.ec200x_reboot
                0x0000a0e0       0x4c build\packages\at_device-v2.0.4\class\ec200x\at_device_ec200x.o
 .text.ec200x_init_thread_entry
                0x0000a12c      0x4cc build\packages\at_device-v2.0.4\class\ec200x\at_device_ec200x.o
 .text.ec200x_net_init
                0x0000a5f8       0x68 build\packages\at_device-v2.0.4\class\ec200x\at_device_ec200x.o
 .text.ec200x_init
                0x0000a660       0xe0 build\packages\at_device-v2.0.4\class\ec200x\at_device_ec200x.o
 .text.ec200x_deinit
                0x0000a740       0x38 build\packages\at_device-v2.0.4\class\ec200x\at_device_ec200x.o
 .text.ec200x_control
                0x0000a778       0xd4 build\packages\at_device-v2.0.4\class\ec200x\at_device_ec200x.o
 .text.ec200x_device_class_register
                0x0000a84c       0x60 build\packages\at_device-v2.0.4\class\ec200x\at_device_ec200x.o
 .text.at_tcp_ip_errcode_parse
                0x0000a8ac      0x364 build\packages\at_device-v2.0.4\class\ec200x\at_socket_ec200x.o
 .text.ec200x_socket_event_send
                0x0000ac10       0x20 build\packages\at_device-v2.0.4\class\ec200x\at_socket_ec200x.o
 .text.ec200x_socket_event_recv
                0x0000ac30       0x46 build\packages\at_device-v2.0.4\class\ec200x\at_socket_ec200x.o
 *fill*         0x0000ac76        0x2 
 .text.ec200x_socket_close
                0x0000ac78       0x80 build\packages\at_device-v2.0.4\class\ec200x\at_socket_ec200x.o
 .text.ec200x_socket_connect
                0x0000acf8      0x23c build\packages\at_device-v2.0.4\class\ec200x\at_socket_ec200x.o
 .text.ec200x_socket_send
                0x0000af34      0x234 build\packages\at_device-v2.0.4\class\ec200x\at_socket_ec200x.o
 .text.ec200x_domain_resolve
                0x0000b168      0x154 build\packages\at_device-v2.0.4\class\ec200x\at_socket_ec200x.o
 .text.ec200x_socket_set_event_cb
                0x0000b2bc       0x2c build\packages\at_device-v2.0.4\class\ec200x\at_socket_ec200x.o
 .text.urc_connect_func
                0x0000b2e8       0xc0 build\packages\at_device-v2.0.4\class\ec200x\at_socket_ec200x.o
 .text.urc_send_func
                0x0000b3a8       0xcc build\packages\at_device-v2.0.4\class\ec200x\at_socket_ec200x.o
 .text.urc_close_func
                0x0000b474       0xb8 build\packages\at_device-v2.0.4\class\ec200x\at_socket_ec200x.o
 .text.urc_recv_func
                0x0000b52c      0x188 build\packages\at_device-v2.0.4\class\ec200x\at_socket_ec200x.o
 .text.urc_pdpdeact_func
                0x0000b6b4       0x6c build\packages\at_device-v2.0.4\class\ec200x\at_socket_ec200x.o
 .text.urc_dnsqip_func
                0x0000b720      0x144 build\packages\at_device-v2.0.4\class\ec200x\at_socket_ec200x.o
 .text.urc_func
                0x0000b864       0x50 build\packages\at_device-v2.0.4\class\ec200x\at_socket_ec200x.o
 .text.urc_qiurc_func
                0x0000b8b4       0xc4 build\packages\at_device-v2.0.4\class\ec200x\at_socket_ec200x.o
 .text.ec200x_socket_init
                0x0000b978       0x40 build\packages\at_device-v2.0.4\class\ec200x\at_socket_ec200x.o
                0x0000b978                ec200x_socket_init
 .text.ec200x_socket_class_register
                0x0000b9b8       0x3c build\packages\at_device-v2.0.4\class\ec200x\at_socket_ec200x.o
                0x0000b9b8                ec200x_socket_class_register
 .text.ec200x_device_register
                0x0000b9f4       0x30 build\packages\at_device-v2.0.4\samples\at_sample_ec200x.o
 .text.rt_slist_init
                0x0000ba24       0x1a build\packages\at_device-v2.0.4\src\at_device.o
 .text.rt_slist_append
                0x0000ba3e       0x36 build\packages\at_device-v2.0.4\src\at_device.o
 .text.at_device_get_first_initialized
                0x0000ba74       0x5c build\packages\at_device-v2.0.4\src\at_device.o
                0x0000ba74                at_device_get_first_initialized
 .text.at_device_get_by_name
                0x0000bad0       0xc4 build\packages\at_device-v2.0.4\src\at_device.o
                0x0000bad0                at_device_get_by_name
 .text.at_device_get_by_ipaddr
                0x0000bb94       0x64 build\packages\at_device-v2.0.4\src\at_device.o
                0x0000bb94                at_device_get_by_ipaddr
 .text.at_device_control
                0x0000bbf8       0x58 build\packages\at_device-v2.0.4\src\at_device.o
                0x0000bbf8                at_device_control
 .text.at_device_class_register
                0x0000bc50       0x5c build\packages\at_device-v2.0.4\src\at_device.o
                0x0000bc50                at_device_class_register
 .text.at_device_class_get
                0x0000bcac       0x60 build\packages\at_device-v2.0.4\src\at_device.o
 .text.at_device_register
                0x0000bd0c      0x1a4 build\packages\at_device-v2.0.4\src\at_device.o
                0x0000bd0c                at_device_register
 .text.rt_kprintf
                0x0000beb0       0xd8 build\packages\rt_kprintf_threadsafe-latest\rt_kprintf.o
                0x0000beb0                rt_kprintf
 .text.utils_sha256_init
                0x0000bf88       0x1a build\source\mqtt\eng\infra\infra_sha256.o
                0x0000bf88                utils_sha256_init
 *fill*         0x0000bfa2        0x2 
 .text.utils_sha256_starts
                0x0000bfa4       0x80 build\source\mqtt\eng\infra\infra_sha256.o
                0x0000bfa4                utils_sha256_starts
 .text.utils_sha256_process
                0x0000c024      0x3f4 build\source\mqtt\eng\infra\infra_sha256.o
                0x0000c024                utils_sha256_process
 .text.utils_sha256_update
                0x0000c418       0xce build\source\mqtt\eng\infra\infra_sha256.o
                0x0000c418                utils_sha256_update
 *fill*         0x0000c4e6        0x2 
 .text.utils_sha256_finish
                0x0000c4e8      0x258 build\source\mqtt\eng\infra\infra_sha256.o
                0x0000c4e8                utils_sha256_finish
 .text.utils_hmac_sha256
                0x0000c740      0x170 build\source\mqtt\eng\infra\infra_sha256.o
                0x0000c740                utils_hmac_sha256
 .text.mqtt_event_send
                0x0000c8b0       0x1c build\source\mqtt\eng\wrappers\4g\wrapper.o
 .text.mqtt_event_recv
                0x0000c8cc       0x44 build\source\mqtt\eng\wrappers\4g\wrapper.o
 .text.HAL_AT_MQTT_Deinit
                0x0000c910      0x100 build\source\mqtt\eng\wrappers\4g\wrapper.o
                0x0000c910                HAL_AT_MQTT_Deinit
 .text.HAL_AT_MQTT_Disconnect
                0x0000ca10       0xe8 build\source\mqtt\eng\wrappers\4g\wrapper.o
                0x0000ca10                HAL_AT_MQTT_Disconnect
 .text.HAL_AT_MQTT_Publish
                0x0000caf8      0x1e8 build\source\mqtt\eng\wrappers\4g\wrapper.o
                0x0000caf8                HAL_AT_MQTT_Publish
 .text.HAL_AT_MQTT_State
                0x0000cce0      0x1d4 build\source\mqtt\eng\wrappers\4g\wrapper.o
                0x0000cce0                HAL_AT_MQTT_State
 .text.HAL_AT_MQTT_Subscribe
                0x0000ceb4      0x134 build\source\mqtt\eng\wrappers\4g\wrapper.o
                0x0000ceb4                HAL_AT_MQTT_Subscribe
 .text.HAL_Free
                0x0000cfe8       0x16 build\source\mqtt\eng\wrappers\4g\wrapper.o
                0x0000cfe8                HAL_Free
 *fill*         0x0000cffe        0x2 
 .text.HAL_GetDeviceName
                0x0000d000       0x34 build\source\mqtt\eng\wrappers\4g\wrapper.o
                0x0000d000                HAL_GetDeviceName
 .text.HAL_GetDeviceSecret
                0x0000d034       0x34 build\source\mqtt\eng\wrappers\4g\wrapper.o
                0x0000d034                HAL_GetDeviceSecret
 .text.HAL_GetProductKey
                0x0000d068       0x34 build\source\mqtt\eng\wrappers\4g\wrapper.o
                0x0000d068                HAL_GetProductKey
 .text.HAL_Malloc
                0x0000d09c       0x18 build\source\mqtt\eng\wrappers\4g\wrapper.o
                0x0000d09c                HAL_Malloc
 .text.HAL_MutexCreate
                0x0000d0b4       0x20 build\source\mqtt\eng\wrappers\4g\wrapper.o
                0x0000d0b4                HAL_MutexCreate
 .text.HAL_MutexDestroy
                0x0000d0d4       0x40 build\source\mqtt\eng\wrappers\4g\wrapper.o
                0x0000d0d4                HAL_MutexDestroy
 .text.HAL_MutexLock
                0x0000d114       0x44 build\source\mqtt\eng\wrappers\4g\wrapper.o
                0x0000d114                HAL_MutexLock
 .text.HAL_MutexUnlock
                0x0000d158       0x40 build\source\mqtt\eng\wrappers\4g\wrapper.o
                0x0000d158                HAL_MutexUnlock
 .text.HAL_Printf
                0x0000d198       0x3c build\source\mqtt\eng\wrappers\4g\wrapper.o
                0x0000d198                HAL_Printf
 .text.HAL_Random
                0x0000d1d4       0x2e build\source\mqtt\eng\wrappers\4g\wrapper.o
                0x0000d1d4                HAL_Random
 .text.HAL_SleepMs
                0x0000d202       0x18 build\source\mqtt\eng\wrappers\4g\wrapper.o
                0x0000d202                HAL_SleepMs
 .text.HAL_Snprintf
                0x0000d21a       0x30 build\source\mqtt\eng\wrappers\4g\wrapper.o
                0x0000d21a                HAL_Snprintf
 .text.HAL_UptimeMs
                0x0000d24a       0xa6 build\source\mqtt\eng\wrappers\4g\wrapper.o
                0x0000d24a                HAL_UptimeMs
 .text.reconnect_entry
                0x0000d2f0      0x148 build\source\mqtt\eng\wrappers\4g\wrapper.o
 .text.urc_connect_func
                0x0000d438       0xd4 build\source\mqtt\eng\wrappers\4g\wrapper.o
 .text.urc_close_func
                0x0000d50c       0x8c build\source\mqtt\eng\wrappers\4g\wrapper.o
 .text.urc_send_func
                0x0000d598       0xb8 build\source\mqtt\eng\wrappers\4g\wrapper.o
 .text.urc_recv_func
                0x0000d650      0x1b4 build\source\mqtt\eng\wrappers\4g\wrapper.o
 .text.HAL_AT_MQTT_Init
                0x0000d804      0x338 build\source\mqtt\eng\wrappers\4g\wrapper.o
                0x0000d804                HAL_AT_MQTT_Init
 .text.HAL_AT_MQTT_Connect
                0x0000db3c      0x32c build\source\mqtt\eng\wrappers\4g\wrapper.o
                0x0000db3c                HAL_AT_MQTT_Connect
 .text.IOT_ATM_Init
                0x0000de68       0x10 build\source\mqtt\eng\atm\at_api.o
                0x0000de68                IOT_ATM_Init
 .text.IOT_ATM_Input
                0x0000de78       0x20 build\source\mqtt\eng\atm\at_api.o
                0x0000de78                IOT_ATM_Input
 .text.IOT_Ioctl
                0x0000de98      0x1e0 build\source\mqtt\eng\infra\infra_compat.o
                0x0000de98                IOT_Ioctl
 .text.iotx_event_callback
                0x0000e078       0x34 build\source\mqtt\eng\infra\infra_compat.o
                0x0000e078                iotx_event_callback
 .text.iotx_dm_set_opt
                0x0000e0ac       0x20 build\source\mqtt\eng\dev_model\dm_api.o
                0x0000e0ac                iotx_dm_set_opt
 .text._hex2str
                0x0000e0cc       0x84 build\source\mqtt\eng\dev_sign\dev_sign_mqtt.o
 .text._sign_get_clientid
                0x0000e150      0x1d0 build\source\mqtt\eng\dev_sign\dev_sign_mqtt.o
                0x0000e150                _sign_get_clientid
 .text._iotx_generate_sign_string
                0x0000e320      0x260 build\source\mqtt\eng\dev_sign\dev_sign_mqtt.o
                0x0000e320                _iotx_generate_sign_string
 .text.IOT_Sign_MQTT
                0x0000e580      0x2ec build\source\mqtt\eng\dev_sign\dev_sign_mqtt.o
                0x0000e580                IOT_Sign_MQTT
 .text.mal_time_is_expired
                0x0000e86c       0x3c build\source\mqtt\eng\atm\at_mqtt.o
 .text.mal_time_left
                0x0000e8a8       0x42 build\source\mqtt\eng\atm\at_mqtt.o
 .text.mal_time_init
                0x0000e8ea       0x22 build\source\mqtt\eng\atm\at_mqtt.o
 .text.mal_time_countdown_ms
                0x0000e90c       0x2a build\source\mqtt\eng\atm\at_mqtt.o
 *fill*         0x0000e936        0x2 
 .text.mal_mc_check_rule
                0x0000e938       0xe4 build\source\mqtt\eng\atm\at_mqtt.o
 .text.mal_mc_is_topic_matched
                0x0000ea1c       0xde build\source\mqtt\eng\atm\at_mqtt.o
 *fill*         0x0000eafa        0x2 
 .text.mal_mc_check_topic
                0x0000eafc      0x134 build\source\mqtt\eng\atm\at_mqtt.o
 .text.MALMQTTConnect
                0x0000ec30       0x86 build\source\mqtt\eng\atm\at_mqtt.o
 *fill*         0x0000ecb6        0x2 
 .text.MALMQTTPublish
                0x0000ecb8       0x74 build\source\mqtt\eng\atm\at_mqtt.o
 .text.MALMQTTSubscribe
                0x0000ed2c      0x104 build\source\mqtt\eng\atm\at_mqtt.o
 .text.MALMQTTDisconnect
                0x0000ee30       0x16 build\source\mqtt\eng\atm\at_mqtt.o
 .text.mal_mc_get_next_packetid
                0x0000ee46       0x56 build\source\mqtt\eng\atm\at_mqtt.o
 .text.iotx_mc_handle_recv_PUBLISH
                0x0000ee9c      0x1a0 build\source\mqtt\eng\atm\at_mqtt.o
 .text.mal_mc_cycle
                0x0000f03c      0x150 build\source\mqtt\eng\atm\at_mqtt.o
 .text.mal_mc_get_client_state
                0x0000f18c       0x2c build\source\mqtt\eng\atm\at_mqtt.o
 .text.mal_mc_set_client_state
                0x0000f1b8       0x2e build\source\mqtt\eng\atm\at_mqtt.o
 *fill*         0x0000f1e6        0x2 
 .text.mal_mc_recv_buf_init
                0x0000f1e8       0xfc build\source\mqtt\eng\atm\at_mqtt.o
 .text.mal_mc_recv_buf_deinit
                0x0000f2e4       0xf0 build\source\mqtt\eng\atm\at_mqtt.o
 .text.mal_mc_wait_for_result
                0x0000f3d4       0x8c build\source\mqtt\eng\atm\at_mqtt.o
 .text.mal_mc_disconnect
                0x0000f460       0x68 build\source\mqtt\eng\atm\at_mqtt.o
 .text.at_mqtt_input
                0x0000f4c8      0x26c build\source\mqtt\eng\atm\at_mqtt.o
                0x0000f4c8                at_mqtt_input
 .text.mal_mc_init
                0x0000f734       0xfc build\source\mqtt\eng\atm\at_mqtt.o
 .text.wrapper_mqtt_init
                0x0000f830       0x78 build\source\mqtt\eng\atm\at_mqtt.o
                0x0000f830                wrapper_mqtt_init
 .text.wrapper_mqtt_connect
                0x0000f8a8       0x84 build\source\mqtt\eng\atm\at_mqtt.o
                0x0000f8a8                wrapper_mqtt_connect
 .text.wrapper_mqtt_yield
                0x0000f92c       0xf0 build\source\mqtt\eng\atm\at_mqtt.o
                0x0000f92c                wrapper_mqtt_yield
 .text.wrapper_mqtt_check_state
                0x0000fa1c       0x2c build\source\mqtt\eng\atm\at_mqtt.o
                0x0000fa1c                wrapper_mqtt_check_state
 .text.wrapper_mqtt_subscribe_sync
                0x0000fa48      0x124 build\source\mqtt\eng\atm\at_mqtt.o
                0x0000fa48                wrapper_mqtt_subscribe_sync
 .text.wrapper_mqtt_subscribe
                0x0000fb6c       0x30 build\source\mqtt\eng\atm\at_mqtt.o
                0x0000fb6c                wrapper_mqtt_subscribe
 .text.wrapper_mqtt_publish
                0x0000fb9c      0x110 build\source\mqtt\eng\atm\at_mqtt.o
                0x0000fb9c                wrapper_mqtt_publish
 .text.wrapper_mqtt_release
                0x0000fcac       0xc8 build\source\mqtt\eng\atm\at_mqtt.o
                0x0000fcac                wrapper_mqtt_release
 .text.dm_opt_set
                0x0000fd74       0x74 build\source\mqtt\eng\dev_model\dm_opt.o
                0x0000fd74                dm_opt_set
 .text.__dlist_add
                0x0000fde8       0x30 build\source\mqtt\eng\mqtt\mqtt_api.o
 .text.dlist_add_tail
                0x0000fe18       0x20 build\source\mqtt\eng\mqtt\mqtt_api.o
 .text.INIT_AOS_DLIST_HEAD
                0x0000fe38       0x20 build\source\mqtt\eng\mqtt\mqtt_api.o
 .text._offline_subs_list_init
                0x0000fe58       0x40 build\source\mqtt\eng\mqtt\mqtt_api.o
 .text.iotx_mqtt_offline_subscribe
                0x0000fe98      0x17c build\source\mqtt\eng\mqtt\mqtt_api.o
 .text.IOT_MQTT_Construct
                0x00010014      0x5e0 build\source\mqtt\eng\mqtt\mqtt_api.o
                0x00010014                IOT_MQTT_Construct
 .text.IOT_MQTT_Destroy
                0x000105f4       0x4c build\source\mqtt\eng\mqtt\mqtt_api.o
                0x000105f4                IOT_MQTT_Destroy
 .text.IOT_MQTT_Yield
                0x00010640       0x30 build\source\mqtt\eng\mqtt\mqtt_api.o
                0x00010640                IOT_MQTT_Yield
 .text.IOT_MQTT_Subscribe
                0x00010670       0x78 build\source\mqtt\eng\mqtt\mqtt_api.o
                0x00010670                IOT_MQTT_Subscribe
 .text.IOT_MQTT_Publish
                0x000106e8       0x58 build\source\mqtt\eng\mqtt\mqtt_api.o
                0x000106e8                IOT_MQTT_Publish
 .text.get_vol  0x00010740       0x74 build\source\myapp\app_net.o
                0x00010740                get_vol
 .text.__NVIC_EnableIRQ
                0x000107b4       0x3c build\source\myapp\adc_s.o
 .text.__NVIC_ClearPendingIRQ
                0x000107f0       0x3c build\source\myapp\adc_s.o
 .text.__NVIC_SetPriority
                0x0001082c       0x54 build\source\myapp\adc_s.o
 .text.AdcConfig
                0x00010880       0x18 build\source\myapp\adc_s.o
                0x00010880                AdcConfig
 .text.AdcClockConfig
                0x00010898       0x80 build\source\myapp\adc_s.o
 .text.AdcInitConfig
                0x00010918       0x40 build\source\myapp\adc_s.o
 .text.AdcChannelConfig
                0x00010958       0x54 build\source\myapp\adc_s.o
 .text.AdcTriggerConfig
                0x000109ac       0x48 build\source\myapp\adc_s.o
 .text.DmaConfig
                0x000109f4       0x10 build\source\myapp\adc_s.o
                0x000109f4                DmaConfig
 .text.DmaInitConfig
                0x00010a04       0xd0 build\source\myapp\adc_s.o
 .text.DmaIrqConfig
                0x00010ad4       0x28 build\source\myapp\adc_s.o
 .text.DmaIrqRegister
                0x00010afc       0x80 build\source\myapp\adc_s.o
 .text.TimerConfig
                0x00010b7c       0x74 build\source\myapp\adc_s.o
                0x00010b7c                TimerConfig
 .text.testTimerConfig
                0x00010bf0       0x42 build\source\myapp\adc_s.o
                0x00010bf0                testTimerConfig
 *fill*         0x00010c32        0x2 
 .text.AdcSetChannelPinMode
                0x00010c34       0x70 build\source\myapp\adc_s.o
 .text.AdcSetPinMode
                0x00010ca4      0x144 build\source\myapp\adc_s.o
 .text.Dma1Btc0_IrqHandler
                0x00010de8       0x18 build\source\myapp\adc_s.o
                0x00010de8                Dma1Btc0_IrqHandler
 .text.adc_on   0x00010e00       0xdc build\source\myapp\adc_s.o
                0x00010e00                adc_on
 .text.DmatestConfig
                0x00010edc       0x1c build\source\myapp\adc_s.o
                0x00010edc                DmatestConfig
 .text.testtimer
                0x00010ef8       0x2c build\source\myapp\adc_s.o
                0x00010ef8                testtimer
 *fill*         0x00010f24        0x4 
 .text.dma_test
                0x00010f28     0x30e0 build\source\myapp\adc_s.o
                0x00010f28                dma_test
 .text.dma_test2
                0x00014008      0x25c build\source\myapp\adc_s.o
                0x00014008                dma_test2
 .text.example_publish
                0x00014264      0x12c build\source\myapp\mqtt_example.o
                0x00014264                example_publish
 .text.example_message_arrive
                0x00014390      0x2fc build\source\myapp\mqtt_example.o
                0x00014390                example_message_arrive
 .text.example_subscribe
                0x0001468c       0xf4 build\source\myapp\mqtt_example.o
                0x0001468c                example_subscribe
 .text.e_test_publish
                0x00014780      0x1d0 build\source\myapp\mqtt_example.o
                0x00014780                e_test_publish
 .text.test_publish
                0x00014950      0x1c0 build\source\myapp\mqtt_example.o
                0x00014950                test_publish
 .text.example_event_handle
                0x00014b10       0x24 build\source\myapp\mqtt_example.o
                0x00014b10                example_event_handle
 .text.mqtt_test
                0x00014b34      0x440 build\source\myapp\mqtt_example.o
                0x00014b34                mqtt_test
 .text.data_init
                0x00014f74      0x3fc build\source\myapp\datasetting_s.o
                0x00014f74                data_init
 .text.switch_on
                0x00015370       0xac build\source\myapp\datasetting_s.o
                0x00015370                switch_on
 .text.switch_off
                0x0001541c       0xac build\source\myapp\datasetting_s.o
                0x0001541c                switch_off
 .text.protect_set
                0x000154c8      0x150 build\source\myapp\datasetting_s.o
                0x000154c8                protect_set
 .text.protect_trigger
                0x00015618       0xc0 build\source\myapp\datasetting_s.o
                0x00015618                protect_trigger
 .text.setting_reset
                0x000156d8       0x74 build\source\myapp\datasetting_s.o
                0x000156d8                setting_reset
 .text.set_protect
                0x0001574c       0x7c build\source\myapp\datasetting_s.o
                0x0001574c                set_protect
 .text.timer_set
                0x000157c8      0x1ac build\source\myapp\datasetting_s.o
                0x000157c8                timer_set
 .text.set_timer
                0x00015974       0x5e build\source\myapp\datasetting_s.o
                0x00015974                set_timer
 *fill*         0x000159d2        0x2 
 .text.TM1629B_Init
                0x000159d4       0x4c build\source\myapp\tm1650.o
                0x000159d4                TM1629B_Init
 .text.main     0x00015a20      0x3a0 build\source\myapp\main.o
                0x00015a20                main
 .text.__NVIC_SetPriority
                0x00015dc0       0x54 build\StdDDL\src\hc32f460_utility.o
 .text.SysTick_Config
                0x00015e14       0x44 build\StdDDL\src\hc32f460_utility.o
 .text.SetUartBaudrate
                0x00015e58      0x1f0 build\StdDDL\src\hc32f460_utility.o
                0x00015e58                SetUartBaudrate
 .text.Ddl_Delay1ms
                0x00016048       0x4c build\StdDDL\src\hc32f460_utility.o
                0x00016048                Ddl_Delay1ms
 .text.Ddl_Delay1us
                0x00016094       0x64 build\StdDDL\src\hc32f460_utility.o
                0x00016094                Ddl_Delay1us
 .text.SysTick_Init
                0x000160f8       0x54 build\StdDDL\src\hc32f460_utility.o
                0x000160f8                SysTick_Init
 .text.Ddl_AssertHandler
                0x0001614c        0xe build\StdDDL\src\hc32f460_utility.o
                0x0001614c                Ddl_AssertHandler
 *fill*         0x0001615a        0x2 
 .text.SRAM_WT_Disable
                0x0001615c       0x1c build\StdDDL\src\hc32f460_sram.o
                0x0001615c                SRAM_WT_Disable
 .text.SRAM_WT_Enable
                0x00016178       0x1c build\StdDDL\src\hc32f460_sram.o
                0x00016178                SRAM_WT_Enable
 .text.SRAM_CK_Disable
                0x00016194       0x1c build\StdDDL\src\hc32f460_sram.o
                0x00016194                SRAM_CK_Disable
 .text.SRAM_CK_Enable
                0x000161b0       0x1c build\StdDDL\src\hc32f460_sram.o
                0x000161b0                SRAM_CK_Enable
 .text.SRAM_Init
                0x000161cc      0x1bc build\StdDDL\src\hc32f460_sram.o
                0x000161cc                SRAM_Init
 .text.PWC_Fcg0PeriphClockCmd
                0x00016388       0x88 build\StdDDL\src\hc32f460_pwc.o
                0x00016388                PWC_Fcg0PeriphClockCmd
 .text.PWC_Fcg1PeriphClockCmd
                0x00016410       0x74 build\StdDDL\src\hc32f460_pwc.o
                0x00016410                PWC_Fcg1PeriphClockCmd
 .text.PWC_Fcg2PeriphClockCmd
                0x00016484       0x74 build\StdDDL\src\hc32f460_pwc.o
                0x00016484                PWC_Fcg2PeriphClockCmd
 .text.PWC_Fcg3PeriphClockCmd
                0x000164f8       0x74 build\StdDDL\src\hc32f460_pwc.o
                0x000164f8                PWC_Fcg3PeriphClockCmd
 .text.PWC_HS2HP
                0x0001656c       0x5c build\StdDDL\src\hc32f460_pwc.o
                0x0001656c                PWC_HS2HP
 .text.enIrqRegistration
                0x000165c8       0xcc build\StdDDL\src\hc32f460_interrupts.o
                0x000165c8                enIrqRegistration
 .text.enIrqResign
                0x00016694       0x60 build\StdDDL\src\hc32f460_interrupts.o
                0x00016694                enIrqResign
 .text.enShareIrqEnable
                0x000166f4       0x44 build\StdDDL\src\hc32f460_interrupts.o
                0x000166f4                enShareIrqEnable
 .text.NMI_Handler
                0x00016738        0xc build\StdDDL\src\hc32f460_interrupts.o
                0x00016738                NMI_Handler
 .text.MemManage_Handler
                0x00016744        0xc build\StdDDL\src\hc32f460_interrupts.o
                0x00016744                MemManage_Handler
 .text.BusFault_Handler
                0x00016750        0xc build\StdDDL\src\hc32f460_interrupts.o
                0x00016750                BusFault_Handler
 .text.UsageFault_Handler
                0x0001675c        0xc build\StdDDL\src\hc32f460_interrupts.o
                0x0001675c                UsageFault_Handler
 .text.SVC_Handler
                0x00016768        0xc build\StdDDL\src\hc32f460_interrupts.o
                0x00016768                SVC_Handler
 .text.DebugMon_Handler
                0x00016774        0xc build\StdDDL\src\hc32f460_interrupts.o
                0x00016774                DebugMon_Handler
 .text.IRQ000_Handler
                0x00016780       0x1c build\StdDDL\src\hc32f460_interrupts.o
                0x00016780                IRQ000_Handler
 .text.IRQ001_Handler
                0x0001679c       0x1c build\StdDDL\src\hc32f460_interrupts.o
                0x0001679c                IRQ001_Handler
 .text.IRQ002_Handler
                0x000167b8       0x1c build\StdDDL\src\hc32f460_interrupts.o
                0x000167b8                IRQ002_Handler
 .text.IRQ003_Handler
                0x000167d4       0x1c build\StdDDL\src\hc32f460_interrupts.o
                0x000167d4                IRQ003_Handler
 .text.IRQ004_Handler
                0x000167f0       0x1c build\StdDDL\src\hc32f460_interrupts.o
                0x000167f0                IRQ004_Handler
 .text.IRQ005_Handler
                0x0001680c       0x1c build\StdDDL\src\hc32f460_interrupts.o
                0x0001680c                IRQ005_Handler
 .text.IRQ006_Handler
                0x00016828       0x1c build\StdDDL\src\hc32f460_interrupts.o
                0x00016828                IRQ006_Handler
 .text.IRQ007_Handler
                0x00016844       0x1c build\StdDDL\src\hc32f460_interrupts.o
                0x00016844                IRQ007_Handler
 .text.IRQ008_Handler
                0x00016860       0x1c build\StdDDL\src\hc32f460_interrupts.o
                0x00016860                IRQ008_Handler
 .text.IRQ009_Handler
                0x0001687c       0x1c build\StdDDL\src\hc32f460_interrupts.o
                0x0001687c                IRQ009_Handler
 .text.IRQ010_Handler
                0x00016898       0x1c build\StdDDL\src\hc32f460_interrupts.o
                0x00016898                IRQ010_Handler
 .text.IRQ011_Handler
                0x000168b4       0x1c build\StdDDL\src\hc32f460_interrupts.o
                0x000168b4                IRQ011_Handler
 .text.IRQ012_Handler
                0x000168d0       0x1c build\StdDDL\src\hc32f460_interrupts.o
                0x000168d0                IRQ012_Handler
 .text.IRQ013_Handler
                0x000168ec       0x1c build\StdDDL\src\hc32f460_interrupts.o
                0x000168ec                IRQ013_Handler
 .text.IRQ014_Handler
                0x00016908       0x1c build\StdDDL\src\hc32f460_interrupts.o
                0x00016908                IRQ014_Handler
 .text.IRQ015_Handler
                0x00016924       0x1c build\StdDDL\src\hc32f460_interrupts.o
                0x00016924                IRQ015_Handler
 .text.IRQ016_Handler
                0x00016940       0x1c build\StdDDL\src\hc32f460_interrupts.o
                0x00016940                IRQ016_Handler
 .text.IRQ017_Handler
                0x0001695c       0x1c build\StdDDL\src\hc32f460_interrupts.o
                0x0001695c                IRQ017_Handler
 .text.IRQ018_Handler
                0x00016978       0x1c build\StdDDL\src\hc32f460_interrupts.o
                0x00016978                IRQ018_Handler
 .text.IRQ019_Handler
                0x00016994       0x1c build\StdDDL\src\hc32f460_interrupts.o
                0x00016994                IRQ019_Handler
 .text.IRQ020_Handler
                0x000169b0       0x1c build\StdDDL\src\hc32f460_interrupts.o
                0x000169b0                IRQ020_Handler
 .text.IRQ021_Handler
                0x000169cc       0x1c build\StdDDL\src\hc32f460_interrupts.o
                0x000169cc                IRQ021_Handler
 .text.IRQ022_Handler
                0x000169e8       0x1c build\StdDDL\src\hc32f460_interrupts.o
                0x000169e8                IRQ022_Handler
 .text.IRQ023_Handler
                0x00016a04       0x1c build\StdDDL\src\hc32f460_interrupts.o
                0x00016a04                IRQ023_Handler
 .text.IRQ024_Handler
                0x00016a20       0x1c build\StdDDL\src\hc32f460_interrupts.o
                0x00016a20                IRQ024_Handler
 .text.IRQ025_Handler
                0x00016a3c       0x1c build\StdDDL\src\hc32f460_interrupts.o
                0x00016a3c                IRQ025_Handler
 .text.IRQ026_Handler
                0x00016a58       0x1c build\StdDDL\src\hc32f460_interrupts.o
                0x00016a58                IRQ026_Handler
 .text.IRQ027_Handler
                0x00016a74       0x1c build\StdDDL\src\hc32f460_interrupts.o
                0x00016a74                IRQ027_Handler
 .text.IRQ028_Handler
                0x00016a90       0x1c build\StdDDL\src\hc32f460_interrupts.o
                0x00016a90                IRQ028_Handler
 .text.IRQ029_Handler
                0x00016aac       0x1c build\StdDDL\src\hc32f460_interrupts.o
                0x00016aac                IRQ029_Handler
 .text.IRQ030_Handler
                0x00016ac8       0x1c build\StdDDL\src\hc32f460_interrupts.o
                0x00016ac8                IRQ030_Handler
 .text.IRQ031_Handler
                0x00016ae4       0x1c build\StdDDL\src\hc32f460_interrupts.o
                0x00016ae4                IRQ031_Handler
 .text.IRQ032_Handler
                0x00016b00       0x20 build\StdDDL\src\hc32f460_interrupts.o
                0x00016b00                IRQ032_Handler
 .text.IRQ033_Handler
                0x00016b20       0x20 build\StdDDL\src\hc32f460_interrupts.o
                0x00016b20                IRQ033_Handler
 .text.IRQ034_Handler
                0x00016b40       0x20 build\StdDDL\src\hc32f460_interrupts.o
                0x00016b40                IRQ034_Handler
 .text.IRQ035_Handler
                0x00016b60       0x20 build\StdDDL\src\hc32f460_interrupts.o
                0x00016b60                IRQ035_Handler
 .text.IRQ036_Handler
                0x00016b80       0x20 build\StdDDL\src\hc32f460_interrupts.o
                0x00016b80                IRQ036_Handler
 .text.IRQ037_Handler
                0x00016ba0       0x20 build\StdDDL\src\hc32f460_interrupts.o
                0x00016ba0                IRQ037_Handler
 .text.IRQ038_Handler
                0x00016bc0       0x20 build\StdDDL\src\hc32f460_interrupts.o
                0x00016bc0                IRQ038_Handler
 .text.IRQ039_Handler
                0x00016be0       0x20 build\StdDDL\src\hc32f460_interrupts.o
                0x00016be0                IRQ039_Handler
 .text.IRQ040_Handler
                0x00016c00       0x20 build\StdDDL\src\hc32f460_interrupts.o
                0x00016c00                IRQ040_Handler
 .text.IRQ041_Handler
                0x00016c20       0x20 build\StdDDL\src\hc32f460_interrupts.o
                0x00016c20                IRQ041_Handler
 .text.IRQ042_Handler
                0x00016c40       0x20 build\StdDDL\src\hc32f460_interrupts.o
                0x00016c40                IRQ042_Handler
 .text.IRQ043_Handler
                0x00016c60       0x20 build\StdDDL\src\hc32f460_interrupts.o
                0x00016c60                IRQ043_Handler
 .text.IRQ044_Handler
                0x00016c80       0x20 build\StdDDL\src\hc32f460_interrupts.o
                0x00016c80                IRQ044_Handler
 .text.IRQ045_Handler
                0x00016ca0       0x20 build\StdDDL\src\hc32f460_interrupts.o
                0x00016ca0                IRQ045_Handler
 .text.IRQ046_Handler
                0x00016cc0       0x20 build\StdDDL\src\hc32f460_interrupts.o
                0x00016cc0                IRQ046_Handler
 .text.IRQ047_Handler
                0x00016ce0       0x20 build\StdDDL\src\hc32f460_interrupts.o
                0x00016ce0                IRQ047_Handler
 .text.IRQ048_Handler
                0x00016d00       0x20 build\StdDDL\src\hc32f460_interrupts.o
                0x00016d00                IRQ048_Handler
 .text.IRQ049_Handler
                0x00016d20       0x20 build\StdDDL\src\hc32f460_interrupts.o
                0x00016d20                IRQ049_Handler
 .text.IRQ050_Handler
                0x00016d40       0x20 build\StdDDL\src\hc32f460_interrupts.o
                0x00016d40                IRQ050_Handler
 .text.IRQ051_Handler
                0x00016d60       0x20 build\StdDDL\src\hc32f460_interrupts.o
                0x00016d60                IRQ051_Handler
 .text.IRQ052_Handler
                0x00016d80       0x20 build\StdDDL\src\hc32f460_interrupts.o
                0x00016d80                IRQ052_Handler
 .text.IRQ053_Handler
                0x00016da0       0x20 build\StdDDL\src\hc32f460_interrupts.o
                0x00016da0                IRQ053_Handler
 .text.IRQ054_Handler
                0x00016dc0       0x20 build\StdDDL\src\hc32f460_interrupts.o
                0x00016dc0                IRQ054_Handler
 .text.IRQ055_Handler
                0x00016de0       0x20 build\StdDDL\src\hc32f460_interrupts.o
                0x00016de0                IRQ055_Handler
 .text.IRQ056_Handler
                0x00016e00       0x20 build\StdDDL\src\hc32f460_interrupts.o
                0x00016e00                IRQ056_Handler
 .text.IRQ057_Handler
                0x00016e20       0x20 build\StdDDL\src\hc32f460_interrupts.o
                0x00016e20                IRQ057_Handler
 .text.IRQ058_Handler
                0x00016e40       0x20 build\StdDDL\src\hc32f460_interrupts.o
                0x00016e40                IRQ058_Handler
 .text.IRQ059_Handler
                0x00016e60       0x20 build\StdDDL\src\hc32f460_interrupts.o
                0x00016e60                IRQ059_Handler
 .text.IRQ060_Handler
                0x00016e80       0x20 build\StdDDL\src\hc32f460_interrupts.o
                0x00016e80                IRQ060_Handler
 .text.IRQ061_Handler
                0x00016ea0       0x20 build\StdDDL\src\hc32f460_interrupts.o
                0x00016ea0                IRQ061_Handler
 .text.IRQ062_Handler
                0x00016ec0       0x20 build\StdDDL\src\hc32f460_interrupts.o
                0x00016ec0                IRQ062_Handler
 .text.IRQ063_Handler
                0x00016ee0       0x20 build\StdDDL\src\hc32f460_interrupts.o
                0x00016ee0                IRQ063_Handler
 .text.IRQ064_Handler
                0x00016f00       0x20 build\StdDDL\src\hc32f460_interrupts.o
                0x00016f00                IRQ064_Handler
 .text.IRQ065_Handler
                0x00016f20       0x20 build\StdDDL\src\hc32f460_interrupts.o
                0x00016f20                IRQ065_Handler
 .text.IRQ066_Handler
                0x00016f40       0x20 build\StdDDL\src\hc32f460_interrupts.o
                0x00016f40                IRQ066_Handler
 .text.IRQ067_Handler
                0x00016f60       0x20 build\StdDDL\src\hc32f460_interrupts.o
                0x00016f60                IRQ067_Handler
 .text.IRQ068_Handler
                0x00016f80       0x20 build\StdDDL\src\hc32f460_interrupts.o
                0x00016f80                IRQ068_Handler
 .text.IRQ069_Handler
                0x00016fa0       0x20 build\StdDDL\src\hc32f460_interrupts.o
                0x00016fa0                IRQ069_Handler
 .text.IRQ070_Handler
                0x00016fc0       0x20 build\StdDDL\src\hc32f460_interrupts.o
                0x00016fc0                IRQ070_Handler
 .text.IRQ071_Handler
                0x00016fe0       0x20 build\StdDDL\src\hc32f460_interrupts.o
                0x00016fe0                IRQ071_Handler
 .text.IRQ072_Handler
                0x00017000       0x20 build\StdDDL\src\hc32f460_interrupts.o
                0x00017000                IRQ072_Handler
 .text.IRQ073_Handler
                0x00017020       0x20 build\StdDDL\src\hc32f460_interrupts.o
                0x00017020                IRQ073_Handler
 .text.IRQ074_Handler
                0x00017040       0x20 build\StdDDL\src\hc32f460_interrupts.o
                0x00017040                IRQ074_Handler
 .text.IRQ075_Handler
                0x00017060       0x20 build\StdDDL\src\hc32f460_interrupts.o
                0x00017060                IRQ075_Handler
 .text.IRQ076_Handler
                0x00017080       0x20 build\StdDDL\src\hc32f460_interrupts.o
                0x00017080                IRQ076_Handler
 .text.IRQ077_Handler
                0x000170a0       0x20 build\StdDDL\src\hc32f460_interrupts.o
                0x000170a0                IRQ077_Handler
 .text.IRQ078_Handler
                0x000170c0       0x20 build\StdDDL\src\hc32f460_interrupts.o
                0x000170c0                IRQ078_Handler
 .text.IRQ079_Handler
                0x000170e0       0x20 build\StdDDL\src\hc32f460_interrupts.o
                0x000170e0                IRQ079_Handler
 .text.IRQ080_Handler
                0x00017100       0x20 build\StdDDL\src\hc32f460_interrupts.o
                0x00017100                IRQ080_Handler
 .text.IRQ081_Handler
                0x00017120       0x20 build\StdDDL\src\hc32f460_interrupts.o
                0x00017120                IRQ081_Handler
 .text.IRQ082_Handler
                0x00017140       0x20 build\StdDDL\src\hc32f460_interrupts.o
                0x00017140                IRQ082_Handler
 .text.IRQ083_Handler
                0x00017160       0x20 build\StdDDL\src\hc32f460_interrupts.o
                0x00017160                IRQ083_Handler
 .text.IRQ084_Handler
                0x00017180       0x20 build\StdDDL\src\hc32f460_interrupts.o
                0x00017180                IRQ084_Handler
 .text.IRQ085_Handler
                0x000171a0       0x20 build\StdDDL\src\hc32f460_interrupts.o
                0x000171a0                IRQ085_Handler
 .text.IRQ086_Handler
                0x000171c0       0x20 build\StdDDL\src\hc32f460_interrupts.o
                0x000171c0                IRQ086_Handler
 .text.IRQ087_Handler
                0x000171e0       0x20 build\StdDDL\src\hc32f460_interrupts.o
                0x000171e0                IRQ087_Handler
 .text.IRQ088_Handler
                0x00017200       0x20 build\StdDDL\src\hc32f460_interrupts.o
                0x00017200                IRQ088_Handler
 .text.IRQ089_Handler
                0x00017220       0x20 build\StdDDL\src\hc32f460_interrupts.o
                0x00017220                IRQ089_Handler
 .text.IRQ090_Handler
                0x00017240       0x20 build\StdDDL\src\hc32f460_interrupts.o
                0x00017240                IRQ090_Handler
 .text.IRQ091_Handler
                0x00017260       0x20 build\StdDDL\src\hc32f460_interrupts.o
                0x00017260                IRQ091_Handler
 .text.IRQ092_Handler
                0x00017280       0x20 build\StdDDL\src\hc32f460_interrupts.o
                0x00017280                IRQ092_Handler
 .text.IRQ093_Handler
                0x000172a0       0x20 build\StdDDL\src\hc32f460_interrupts.o
                0x000172a0                IRQ093_Handler
 .text.IRQ094_Handler
                0x000172c0       0x20 build\StdDDL\src\hc32f460_interrupts.o
                0x000172c0                IRQ094_Handler
 .text.IRQ095_Handler
                0x000172e0       0x20 build\StdDDL\src\hc32f460_interrupts.o
                0x000172e0                IRQ095_Handler
 .text.IRQ096_Handler
                0x00017300       0x20 build\StdDDL\src\hc32f460_interrupts.o
                0x00017300                IRQ096_Handler
 .text.IRQ097_Handler
                0x00017320       0x20 build\StdDDL\src\hc32f460_interrupts.o
                0x00017320                IRQ097_Handler
 .text.IRQ098_Handler
                0x00017340       0x20 build\StdDDL\src\hc32f460_interrupts.o
                0x00017340                IRQ098_Handler
 .text.IRQ099_Handler
                0x00017360       0x20 build\StdDDL\src\hc32f460_interrupts.o
                0x00017360                IRQ099_Handler
 .text.IRQ100_Handler
                0x00017380       0x20 build\StdDDL\src\hc32f460_interrupts.o
                0x00017380                IRQ100_Handler
 .text.IRQ101_Handler
                0x000173a0       0x20 build\StdDDL\src\hc32f460_interrupts.o
                0x000173a0                IRQ101_Handler
 .text.IRQ102_Handler
                0x000173c0       0x20 build\StdDDL\src\hc32f460_interrupts.o
                0x000173c0                IRQ102_Handler
 .text.IRQ103_Handler
                0x000173e0       0x20 build\StdDDL\src\hc32f460_interrupts.o
                0x000173e0                IRQ103_Handler
 .text.IRQ104_Handler
                0x00017400       0x20 build\StdDDL\src\hc32f460_interrupts.o
                0x00017400                IRQ104_Handler
 .text.IRQ105_Handler
                0x00017420       0x20 build\StdDDL\src\hc32f460_interrupts.o
                0x00017420                IRQ105_Handler
 .text.IRQ106_Handler
                0x00017440       0x20 build\StdDDL\src\hc32f460_interrupts.o
                0x00017440                IRQ106_Handler
 .text.IRQ107_Handler
                0x00017460       0x20 build\StdDDL\src\hc32f460_interrupts.o
                0x00017460                IRQ107_Handler
 .text.IRQ108_Handler
                0x00017480       0x20 build\StdDDL\src\hc32f460_interrupts.o
                0x00017480                IRQ108_Handler
 .text.IRQ109_Handler
                0x000174a0       0x20 build\StdDDL\src\hc32f460_interrupts.o
                0x000174a0                IRQ109_Handler
 .text.IRQ110_Handler
                0x000174c0       0x20 build\StdDDL\src\hc32f460_interrupts.o
                0x000174c0                IRQ110_Handler
 .text.IRQ111_Handler
                0x000174e0       0x20 build\StdDDL\src\hc32f460_interrupts.o
                0x000174e0                IRQ111_Handler
 .text.IRQ112_Handler
                0x00017500       0x20 build\StdDDL\src\hc32f460_interrupts.o
                0x00017500                IRQ112_Handler
 .text.IRQ113_Handler
                0x00017520       0x20 build\StdDDL\src\hc32f460_interrupts.o
                0x00017520                IRQ113_Handler
 .text.IRQ114_Handler
                0x00017540       0x20 build\StdDDL\src\hc32f460_interrupts.o
                0x00017540                IRQ114_Handler
 .text.IRQ115_Handler
                0x00017560       0x20 build\StdDDL\src\hc32f460_interrupts.o
                0x00017560                IRQ115_Handler
 .text.IRQ116_Handler
                0x00017580       0x20 build\StdDDL\src\hc32f460_interrupts.o
                0x00017580                IRQ116_Handler
 .text.IRQ117_Handler
                0x000175a0       0x20 build\StdDDL\src\hc32f460_interrupts.o
                0x000175a0                IRQ117_Handler
 .text.IRQ118_Handler
                0x000175c0       0x20 build\StdDDL\src\hc32f460_interrupts.o
                0x000175c0                IRQ118_Handler
 .text.IRQ119_Handler
                0x000175e0       0x20 build\StdDDL\src\hc32f460_interrupts.o
                0x000175e0                IRQ119_Handler
 .text.IRQ120_Handler
                0x00017600       0x20 build\StdDDL\src\hc32f460_interrupts.o
                0x00017600                IRQ120_Handler
 .text.IRQ121_Handler
                0x00017620       0x20 build\StdDDL\src\hc32f460_interrupts.o
                0x00017620                IRQ121_Handler
 .text.IRQ122_Handler
                0x00017640       0x20 build\StdDDL\src\hc32f460_interrupts.o
                0x00017640                IRQ122_Handler
 .text.IRQ123_Handler
                0x00017660       0x20 build\StdDDL\src\hc32f460_interrupts.o
                0x00017660                IRQ123_Handler
 .text.IRQ124_Handler
                0x00017680       0x20 build\StdDDL\src\hc32f460_interrupts.o
                0x00017680                IRQ124_Handler
 .text.IRQ125_Handler
                0x000176a0       0x20 build\StdDDL\src\hc32f460_interrupts.o
                0x000176a0                IRQ125_Handler
 .text.IRQ126_Handler
                0x000176c0       0x20 build\StdDDL\src\hc32f460_interrupts.o
                0x000176c0                IRQ126_Handler
 .text.IRQ127_Handler
                0x000176e0       0x20 build\StdDDL\src\hc32f460_interrupts.o
                0x000176e0                IRQ127_Handler
 .text.CLK_XtalConfig
                0x00017700       0xa0 build\StdDDL\src\hc32f460_clk.o
                0x00017700                CLK_XtalConfig
 .text.CLK_XtalCmd
                0x000177a0      0x118 build\StdDDL\src\hc32f460_clk.o
                0x000177a0                CLK_XtalCmd
 .text.CLK_SetPllSource
                0x000178b8       0x80 build\StdDDL\src\hc32f460_clk.o
                0x000178b8                CLK_SetPllSource
 .text.CLK_MpllConfig
                0x00017938      0x1f4 build\StdDDL\src\hc32f460_clk.o
                0x00017938                CLK_MpllConfig
 .text.CLK_MpllCmd
                0x00017b2c       0xcc build\StdDDL\src\hc32f460_clk.o
                0x00017b2c                CLK_MpllCmd
 .text.CLK_UpllConfig
                0x00017bf8      0x1f4 build\StdDDL\src\hc32f460_clk.o
                0x00017bf8                CLK_UpllConfig
 .text.CLK_UpllCmd
                0x00017dec       0xb8 build\StdDDL\src\hc32f460_clk.o
                0x00017dec                CLK_UpllCmd
 .text.CLK_SetSysClkSource
                0x00017ea4      0x140 build\StdDDL\src\hc32f460_clk.o
                0x00017ea4                CLK_SetSysClkSource
 .text.CLK_SysClkConfig
                0x00017fe4      0x1fc build\StdDDL\src\hc32f460_clk.o
                0x00017fe4                CLK_SysClkConfig
 .text.CLK_GetClockFreq
                0x000181e0      0x1b0 build\StdDDL\src\hc32f460_clk.o
                0x000181e0                CLK_GetClockFreq
 .text.CLK_SetPeriClkSource
                0x00018390       0x80 build\StdDDL\src\hc32f460_clk.o
                0x00018390                CLK_SetPeriClkSource
 .text.CLK_GetFlagStatus
                0x00018410       0xb4 build\StdDDL\src\hc32f460_clk.o
                0x00018410                CLK_GetFlagStatus
 .text.DMA_Cmd  0x000184c4       0x60 build\StdDDL\src\hc32f460_dmac.o
                0x000184c4                DMA_Cmd
 .text.DMA_EnableIrq
                0x00018524      0x120 build\StdDDL\src\hc32f460_dmac.o
                0x00018524                DMA_EnableIrq
 .text.DMA_ClearIrqFlag
                0x00018644      0x11c build\StdDDL\src\hc32f460_dmac.o
                0x00018644                DMA_ClearIrqFlag
 .text.DMA_ChannelCmd
                0x00018760      0x2a4 build\StdDDL\src\hc32f460_dmac.o
                0x00018760                DMA_ChannelCmd
 .text.DMA_SetSrcAddress
                0x00018a04       0xb8 build\StdDDL\src\hc32f460_dmac.o
                0x00018a04                DMA_SetSrcAddress
 .text.DMA_SetTransferCnt
                0x00018abc       0xf4 build\StdDDL\src\hc32f460_dmac.o
                0x00018abc                DMA_SetTransferCnt
 .text.DMA_SetTriggerSrc
                0x00018bb0       0x74 build\StdDDL\src\hc32f460_dmac.o
                0x00018bb0                DMA_SetTriggerSrc
 .text.DMA_ChannelCfg
                0x00018c24      0x320 build\StdDDL\src\hc32f460_dmac.o
                0x00018c24                DMA_ChannelCfg
 .text.DMA_LlpInit
                0x00018f44       0x90 build\StdDDL\src\hc32f460_dmac.o
                0x00018f44                DMA_LlpInit
 .text.DMA_InitChannel
                0x00018fd4      0x278 build\StdDDL\src\hc32f460_dmac.o
                0x00018fd4                DMA_InitChannel
 .text.EXINT_Init
                0x0001924c       0xec build\StdDDL\src\hc32f460_exint_nmi_swi.o
                0x0001924c                EXINT_Init
 .text.EXINT_IrqFlgGet
                0x00019338       0x98 build\StdDDL\src\hc32f460_exint_nmi_swi.o
                0x00019338                EXINT_IrqFlgGet
 .text.EXINT_IrqFlgClr
                0x000193d0       0x30 build\StdDDL\src\hc32f460_exint_nmi_swi.o
                0x000193d0                EXINT_IrqFlgClr
 .text.NMI_IrqHandler
                0x00019400       0x28 build\StdDDL\src\hc32f460_exint_nmi_swi.o
                0x00019400                NMI_IrqHandler
 .text.TIMER0_GetClkMode
                0x00019428       0x7c build\StdDDL\src\hc32f460_timer0.o
 .text.AsyncDelay
                0x000194a4       0x90 build\StdDDL\src\hc32f460_timer0.o
 .text.TIMER0_ClearFlag
                0x00019534       0xd4 build\StdDDL\src\hc32f460_timer0.o
                0x00019534                TIMER0_ClearFlag
 .text.TIMER0_Cmd
                0x00019608      0x110 build\StdDDL\src\hc32f460_timer0.o
                0x00019608                TIMER0_Cmd
 .text.TIMER0_GetCntReg
                0x00019718       0x6c build\StdDDL\src\hc32f460_timer0.o
                0x00019718                TIMER0_GetCntReg
 .text.TIMER0_WriteCntReg
                0x00019784       0xcc build\StdDDL\src\hc32f460_timer0.o
                0x00019784                TIMER0_WriteCntReg
 .text.TIMER0_BaseInit
                0x00019850      0x324 build\StdDDL\src\hc32f460_timer0.o
                0x00019850                TIMER0_BaseInit
 .text.TIMER0_HardTriggerInit
                0x00019b74      0x394 build\StdDDL\src\hc32f460_timer0.o
                0x00019b74                TIMER0_HardTriggerInit
 .text.USART_UART_Init
                0x00019f08      0x284 build\StdDDL\src\hc32f460_usart.o
                0x00019f08                USART_UART_Init
 .text.USART_DeInit
                0x0001a18c       0x74 build\StdDDL\src\hc32f460_usart.o
                0x0001a18c                USART_DeInit
 .text.USART_GetStatus
                0x0001a200       0xa0 build\StdDDL\src\hc32f460_usart.o
                0x0001a200                USART_GetStatus
 .text.USART_ClearStatus
                0x0001a2a0       0xb4 build\StdDDL\src\hc32f460_usart.o
                0x0001a2a0                USART_ClearStatus
 .text.USART_FuncCmd
                0x0001a354      0x1f8 build\StdDDL\src\hc32f460_usart.o
                0x0001a354                USART_FuncCmd
 .text.USART_SendData
                0x0001a54c       0x68 build\StdDDL\src\hc32f460_usart.o
                0x0001a54c                USART_SendData
 .text.USART_RecData
                0x0001a5b4       0x58 build\StdDDL\src\hc32f460_usart.o
                0x0001a5b4                USART_RecData
 .text.EFM_Unlock
                0x0001a60c       0x24 build\StdDDL\src\hc32f460_efm.o
                0x0001a60c                EFM_Unlock
 .text.EFM_Lock
                0x0001a630       0x2c build\StdDDL\src\hc32f460_efm.o
                0x0001a630                EFM_Lock
 .text.EFM_SetLatency
                0x0001a65c       0x94 build\StdDDL\src\hc32f460_efm.o
                0x0001a65c                EFM_SetLatency
 .text.ADC_Init
                0x0001a6f0      0x154 build\StdDDL\src\hc32f460_adc.o
                0x0001a6f0                ADC_Init
 .text.ADC_ConfigTriggerSrc
                0x0001a844      0x624 build\StdDDL\src\hc32f460_adc.o
                0x0001a844                ADC_ConfigTriggerSrc
 .text.ADC_TriggerSrcCmd
                0x0001ae68       0x98 build\StdDDL\src\hc32f460_adc.o
                0x0001ae68                ADC_TriggerSrcCmd
 .text.ADC_AddAdcChannel
                0x0001af00      0x140 build\StdDDL\src\hc32f460_adc.o
                0x0001af00                ADC_AddAdcChannel
 .text.PORT_Init
                0x0001b040      0x250 build\StdDDL\src\hc32f460_gpio.o
                0x0001b040                PORT_Init
 .text.DebugUnset
                0x0001b290       0x1c build\StdDDL\src\hc32f460_gpio.o
                0x0001b290                DebugUnset
 .text.PORT_Unlock
                0x0001b2ac       0x1c build\StdDDL\src\hc32f460_gpio.o
                0x0001b2ac                PORT_Unlock
 .text.PORT_Lock
                0x0001b2c8       0x1c build\StdDDL\src\hc32f460_gpio.o
                0x0001b2c8                PORT_Lock
 .text.PORT_GetBit
                0x0001b2e4       0xe4 build\StdDDL\src\hc32f460_gpio.o
                0x0001b2e4                PORT_GetBit
 .text.PORT_SetBits
                0x0001b3c8       0x68 build\StdDDL\src\hc32f460_gpio.o
                0x0001b3c8                PORT_SetBits
 .text.PORT_ResetBits
                0x0001b430       0x68 build\StdDDL\src\hc32f460_gpio.o
                0x0001b430                PORT_ResetBits
 .text.PORT_SetFunc
                0x0001b498      0x114 build\StdDDL\src\hc32f460_gpio.o
                0x0001b498                PORT_SetFunc
 .text.rt_list_insert_after
                0x0001b5ac       0x32 build\kernel\src\idle.o
 .text.rt_list_remove
                0x0001b5de       0x36 build\kernel\src\idle.o
 .text.rt_thread_defunct_enqueue
                0x0001b614       0x20 build\kernel\src\idle.o
                0x0001b614                rt_thread_defunct_enqueue
 .text.rt_thread_defunct_dequeue
                0x0001b634       0x38 build\kernel\src\idle.o
                0x0001b634                rt_thread_defunct_dequeue
 .text.rt_defunct_execute
                0x0001b66c       0xac build\kernel\src\idle.o
 .text.rt_thread_idle_entry
                0x0001b718       0x38 build\kernel\src\idle.o
 .text.rt_thread_idle_init
                0x0001b750       0x78 build\kernel\src\idle.o
                0x0001b750                rt_thread_idle_init
 .text.rt_set_errno
                0x0001b7c8       0x40 build\kernel\src\kservice.o
                0x0001b7c8                rt_set_errno
 .text._rt_errno
                0x0001b808       0x34 build\kernel\src\kservice.o
                0x0001b808                _rt_errno
 .text.rt_memset
                0x0001b83c       0xb6 build\kernel\src\kservice.o
                0x0001b83c                rt_memset
 .text.rt_memcpy
                0x0001b8f2       0xd2 build\kernel\src\kservice.o
                0x0001b8f2                rt_memcpy
 .text.rt_memmove
                0x0001b9c4       0x82 build\kernel\src\kservice.o
                0x0001b9c4                rt_memmove
 .text.rt_memcmp
                0x0001ba46       0x58 build\kernel\src\kservice.o
                0x0001ba46                rt_memcmp
 .text.rt_strstr
                0x0001ba9e       0x5e build\kernel\src\kservice.o
                0x0001ba9e                rt_strstr
 .text.rt_strncpy
                0x0001bafc       0x64 build\kernel\src\kservice.o
                0x0001bafc                rt_strncpy
 .text.rt_strncmp
                0x0001bb60       0x4a build\kernel\src\kservice.o
                0x0001bb60                rt_strncmp
 .text.rt_strcmp
                0x0001bbaa       0x44 build\kernel\src\kservice.o
                0x0001bbaa                rt_strcmp
 .text.rt_strlen
                0x0001bbee       0x2e build\kernel\src\kservice.o
                0x0001bbee                rt_strlen
 .text.rt_strdup
                0x0001bc1c       0x3a build\kernel\src\kservice.o
                0x0001bc1c                rt_strdup
 *fill*         0x0001bc56        0x2 
 .text.rt_show_version
                0x0001bc58       0x44 build\kernel\src\kservice.o
                0x0001bc58                rt_show_version
 .text.divide   0x0001bc9c       0x68 build\kernel\src\kservice.o
 .text.skip_atoi
                0x0001bd04       0x40 build\kernel\src\kservice.o
 .text.print_number
                0x0001bd44      0x1dc build\kernel\src\kservice.o
 .text.rt_vsnprintf
                0x0001bf20      0x4ac build\kernel\src\kservice.o
                0x0001bf20                rt_vsnprintf
 .text.rt_snprintf
                0x0001c3cc       0x30 build\kernel\src\kservice.o
                0x0001c3cc                rt_snprintf
 .text.rt_vsprintf
                0x0001c3fc       0x24 build\kernel\src\kservice.o
                0x0001c3fc                rt_vsprintf
 .text.rt_sprintf
                0x0001c420       0x2c build\kernel\src\kservice.o
                0x0001c420                rt_sprintf
 .text.rt_console_get_device
                0x0001c44c       0x18 build\kernel\src\kservice.o
                0x0001c44c                rt_console_get_device
 .text.rt_console_set_device
                0x0001c464       0x58 build\kernel\src\kservice.o
                0x0001c464                rt_console_set_device
 .text.rt_hw_console_output
                0x0001c4bc       0x14 build\kernel\src\kservice.o
                0x0001c4bc                rt_hw_console_output
 .text.rt_assert_handler
                0x0001c4d0       0x4c build\kernel\src\kservice.o
                0x0001c4d0                rt_assert_handler
 .text.rt_list_init
                0x0001c51c       0x22 build\kernel\src\timer.o
 .text.rt_list_insert_after
                0x0001c53e       0x32 build\kernel\src\timer.o
 .text.rt_list_remove
                0x0001c570       0x36 build\kernel\src\timer.o
 .text.rt_list_isempty
                0x0001c5a6       0x24 build\kernel\src\timer.o
 .text._rt_timer_init
                0x0001c5ca       0x6a build\kernel\src\timer.o
 .text.rt_timer_list_next_timeout
                0x0001c634       0x3e build\kernel\src\timer.o
 .text._rt_timer_remove
                0x0001c672       0x36 build\kernel\src\timer.o
 .text.rt_timer_init
                0x0001c6a8       0x4c build\kernel\src\timer.o
                0x0001c6a8                rt_timer_init
 .text.rt_timer_detach
                0x0001c6f4       0x8c build\kernel\src\timer.o
                0x0001c6f4                rt_timer_detach
 .text.rt_timer_start
                0x0001c780      0x238 build\kernel\src\timer.o
                0x0001c780                rt_timer_start
 .text.rt_timer_stop
                0x0001c9b8       0x94 build\kernel\src\timer.o
                0x0001c9b8                rt_timer_stop
 .text.rt_timer_control
                0x0001ca4c       0xd0 build\kernel\src\timer.o
                0x0001ca4c                rt_timer_control
 .text.rt_timer_check
                0x0001cb1c      0x108 build\kernel\src\timer.o
                0x0001cb1c                rt_timer_check
 .text.rt_soft_timer_check
                0x0001cc24      0x11c build\kernel\src\timer.o
                0x0001cc24                rt_soft_timer_check
 .text.rt_thread_timer_entry
                0x0001cd40       0x58 build\kernel\src\timer.o
 .text.rt_system_timer_init
                0x0001cd98       0x34 build\kernel\src\timer.o
                0x0001cd98                rt_system_timer_init
 .text.rt_system_timer_thread_init
                0x0001cdcc       0x68 build\kernel\src\timer.o
                0x0001cdcc                rt_system_timer_thread_init
 .text.rt_list_init
                0x0001ce34       0x22 build\kernel\src\scheduler.o
 .text.rt_list_insert_before
                0x0001ce56       0x32 build\kernel\src\scheduler.o
 .text.rt_list_remove
                0x0001ce88       0x36 build\kernel\src\scheduler.o